data/saved_data/run_2025_05_03_1650_average_demand_print/firm_data.csv
Step,AgentID,FirmType,Profit,Inventory,ProductPrice,RevenuePerEmployee,ProductionLevel,NumEmployees,DemandReceived,InventoryDemandRatio,SellThroughRate,ProductionCapacity,Revenue,Costs,Markup,ProducedUnits,IncomeBracket,NumPeople,SpendRatio,PostTaxIncome,HouseholdExpense,HouseholdSavings,HealthLevel,Welfare,SkillLevel,SkillType,JobLevel,IsEmployed,Wage
5,38,luxury,-402059.4256869314,616.7,21406.9791981442,17369.416933099237,0.1,22.0,11.0,,,477.0,364757.755595084,766817.1812820154,0.34,48.0,,,,,,,,,,,,0,
6,38,luxury,-1775648.9820930972,653.7,53001.54218517506,10703.4895990721,0.1,21.0,10.0,,,477.0,235476.77117958618,2011125.7532726834,0.265,48.0,,,,,,,,,,,,0,
7,38,luxury,-236801.75943026482,691.7,19090.55234461367,25238.829611988123,0.1,22.0,47.0,,,477.0,530015.4218517506,766817.1812820154,0.195,48.0,,,,,,,,,,,,0,
8,38,luxury,-1148668.453994155,692.7,50082.52367899789,40784.3618271292,0.1,23.0,3.0,,,477.0,897255.9601968424,2045924.4141909974,0.17500000000000002,48.0,,,,,,,,,,,,0,
9,38,luxury,-2671581.855553729,737.7,65842.68524872759,6532.503088564942,0.1,22.0,4.0,,,477.0,150247.57103699367,2821829.4265907225,0.12000000000000002,48.0,,,,,,,,,,,,0,
10,38,luxury,-1279351.4526868304,781.7,33907.74750888519,11971.39731795047,0.1,23.0,17.0,,,477.0,263370.74099491036,1542722.193681741,0.05500000000000002,48.0,,,,,,,,,,,,0,
11,38,luxury,-2258045.3885075655,812.7,59642.12098912665,25062.24815874123,0.1,24.0,6.0,,,477.0,576431.7076510483,2834477.096158614,0.01,48.0,,,,,,,,,,,,0,
12,38,luxury,-3033937.0867760032,854.7,71368.90915560337,14910.530247281662,0.1,23.0,5.0,,,477.0,357852.7259347599,3391789.812710763,0.01,48.0,,,,,,,,,,,,0,
13,38,luxury,-1743190.364455873,897.7,44188.23364891657,15514.980251218123,0.1,24.0,5.0,,,477.0,356844.54577801685,2100034.9102338897,0.01,48.0,,,,,,,,,,,,0,
14,38,luxury,-3236212.853222518,940.7,72744.28101953107,9205.882010190951,0.1,23.0,8.0,,,477.0,220941.16824458283,3457154.021467101,0.01,48.0,,,,,,,,,,,,0,
15,38,luxury,-1518080.662077641,980.7,44188.23364891657,25302.35861548907,0.1,24.0,28.0,,,477.0,581954.2481562486,2100034.9102338897,0.01,48.0,,,,,,,,,,,,0,
16,38,luxury,-2141381.498773991,1000.7,71092.46854709632,51552.93925706932,0.1,25.0,9.0,,,477.0,1237270.5421696638,3378652.0409436547,0.01,48.0,,,,,,,,,,,,0,
17,38,luxury,-3546575.7338371202,1039.7,88088.9987954083,25593.288676954675,0.1,24.0,4.0,,,477.0,639832.2169238669,4186407.950760987,0.01,48.0,,,,,,,,,,,,0,
18,38,luxury,-2555434.8248695885,1083.7,61184.76389722855,14681.499799234718,0.1,23.0,8.0,,,477.0,352355.9951816332,2907790.8200512216,0.01,48.0,,,,,,,,,,,,0,
19,38,luxury,-1655638.9570353816,1123.7,45136.837369968845,21281.65700773167,0.1,24.0,8.0,,,477.0,489478.1111778284,2145117.06821321,0.01,48.0,,,,,,,,,,,,0,
20,38,luxury,-3207047.6265084147,1163.7,75079.6598675664,15045.612456656281,0.1,23.0,10.0,,,477.0,361094.69895975076,3568142.3254681653,0.01,48.0,,,,,,,,,,,,0,
21,38,luxury,-1394320.469537546,1201.7,45136.837369968845,32643.330377202783,0.1,24.0,27.0,,,477.0,750796.598675664,2145117.06821321,0.01,48.0,,,,,,,,,,,,0,
22,38,luxury,-2173558.1501339087,1222.7,71378.65031949268,50778.942041214956,0.1,25.0,12.0,,,477.0,1218694.6089891589,3392252.759123068,0.01,48.0,,,,,,,,,,,,0,
23,38,luxury,-3341573.918578135,1258.7,88335.3919020995,34261.75215335649,0.1,24.0,7.0,,,477.0,856543.8038339121,4198117.722412047,0.01,48.0,,,,,,,,,,,,0,
24,38,luxury,-2332634.288187492,1299.7,62093.578952575655,25764.48930477902,0.1,23.0,8.0,,,477.0,618347.7433146965,2950982.0315021886,0.01,48.0,,,,,,,,,,,,0,
25,38,luxury,-1678328.3874818583,1339.7,45767.24465679674,21597.766592200227,0.1,22.0,7.0,,,477.0,496748.63162060524,2175077.0191024635,0.01,48.0,,,,,,,,,,,,0,
26,38,luxury,-1048841.3432159072,1380.7,28810.50307418992,14562.30511807169,0.1,21.0,17.0,,,477.0,320370.7125975772,1369212.0558134844,0.01,48.0,,,,,,,,,,,,0,
27,38,luxury,-71677.59373492352,1411.7,11813.972825877936,23322.78820291565,0.1,22.0,39.0,,,477.0,489778.5522612287,561456.1459961522,0.01,48.0,,,,,,,,,,,,0,
28,38,luxury,-906584.320866578,1420.7,28770.885935743536,20942.951827692705,0.1,21.0,27.0,,,477.0,460744.9402092395,1367329.2610758175,0.01,48.0,,,,,,,,,,,,0,
29,38,luxury,215357.77426892333,1441.7,11813.972825877936,36991.139060241694,0.1,22.0,8.0,,,477.0,776813.9202650755,561456.1459961522,0.01,48.0,,,,,,,,,,,,0,
30,38,luxury,-1222985.9461893155,1481.7,27722.347465874063,4295.990118501068,0.1,21.0,33.0,,,477.0,94511.78260702349,1317497.7287963391,0.01,48.0,,,,,,,,,,,,0,
31,38,luxury,353381.3203776919,1496.7,11813.972825877936,43563.68887494496,0.1,22.0,76.0,,,477.0,914837.4663738441,561456.1459961522,0.01,48.0,,,,,,,,,,,,0,
32,38,luxury,-405323.548735501,1468.7,27421.19397741776,40811.90612576014,0.1,21.0,45.0,,,477.0,897861.9347667231,1303185.483502224,0.01,48.0,,,,,,,,,,,,0,
33,38,luxury,672497.582987647,1471.7,11989.427867846418,58759.701380180915,0.1,22.0,76.0,,,477.0,1233953.7289837992,561456.1459961522,0.025,48.0,,,,,,,,,,,,0,
34,38,luxury,-402834.6494102018,1443.7,27649.405237308118,41418.02354346944,0.1,21.0,14.0,,,477.0,911196.5179563278,1314031.1673665296,0.010000000000000004,48.0,,,,,,,,,,,,0,
35,38,luxury,-174364.47267383855,1477.7,11813.972825877936,18432.93682487208,0.1,20.0,122.0,,,477.0,387091.67332231364,561456.1459961522,0.01,48.0,,,,,,,,,,,,0,
36,38,luxury,-2198258.744686895,1403.7,76582.4788990826,72065.2342378554,0.1,21.0,10.0,,,477.0,1441304.684757108,3639563.4294440034,0.01,48.0,,,,,,,,,,,,0,
37,38,luxury,-14132.984908635495,1441.7,16411.611150559274,36467.84709480124,0.1,20.0,34.0,,,477.0,765824.7889908261,779957.7738994616,0.01,48.0,,,,,,,,,,,,0,
38,38,luxury,-3081568.650324988,1455.7,76582.4788990826,27899.738955950765,0.1,19.0,10.0,,,477.0,557994.7791190153,3639563.4294440034,0.01,48.0,,,,,,,,,,,,0,
39,38,luxury,-2691967.6404531775,1493.7,72757.71418709854,40306.567841622425,0.1,20.0,17.0,,,477.0,765824.7889908261,3457792.4294440034,0.01,48.0,,,,,,,,,,,,0,
40,38,luxury,372653.64959261566,1524.7,18184.7864233157,61844.05705903375,0.1,21.0,4.0,,,477.0,1236881.141180675,864227.4915880593,0.01,48.0,,,,,,,,,,,,0,
5,39,luxury,-2226435.783147591,343.1,114778.24079640307,18125.1194114665,0.1,39.0,7.0,,,361.0,725004.77645866,2951440.5596062513,0.39999999999999997,36.0,,,,,,,,,,,,0,
6,39,luxury,-822498.2917689428,372.1,59843.843337129016,20601.222707046705,0.1,40.0,7.0,,,361.0,803447.6855748215,1625945.9773437644,0.32499999999999996,36.0,,,,,,,,,,,,0,
7,39,luxury,-2545639.9987477195,401.1,103759.1386915685,10472.672583997579,0.1,39.0,4.0,,,361.0,418906.90335990314,2964546.9021076225,0.25999999999999995,36.0,,,,,,,,,,,,0,
8,39,luxury,-1210909.4225774903,433.1,53746.54609145926,10641.962942724975,0.1,40.0,15.0,,,361.0,415036.554766274,1625945.9773437644,0.18999999999999995,36.0,,,,,,,,,,,,0,
9,39,luxury,-2294379.638865435,454.1,97754.3260990288,20154.954784297224,0.1,41.0,1.0,,,361.0,806198.191371889,3100577.830237324,0.13499999999999995,36.0,,,,,,,,,,,,0,
10,39,luxury,-3583049.426106345,489.1,110424.10949882485,2384.251856073873,0.1,40.0,3.0,,,361.0,97754.3260990288,3680803.7522053737,0.07999999999999996,36.0,,,,,,,,,,,,0,
11,39,luxury,-1874899.5708153395,522.1,62201.78932221394,8281.808212411863,0.1,41.0,11.0,,,361.0,331272.32849647454,2206171.899311814,0.014999999999999958,36.0,,,,,,,,,,,,0,
12,39,luxury,-2846938.923073106,547.1,99068.6136834728,16688.28494010618,0.1,42.0,10.0,,,361.0,684219.6825443533,3531158.6056174594,0.01,36.0,,,,,,,,,,,,0,
13,39,luxury,-3388131.281954628,573.1,122850.15194797494,23587.76516273162,0.1,43.0,2.0,,,361.0,990686.136834728,4378817.418789356,0.01,36.0,,,,,,,,,,,,0,
14,39,luxury,-4977710.404392457,607.1,146545.68524515574,5713.960555719765,0.1,42.0,3.0,,,361.0,245700.30389594988,5223410.708288407,0.01,36.0,,,,,,,,,,,,0,
15,39,luxury,-3458786.9462472936,640.1,109372.44812861503,10467.548946082554,0.1,43.0,5.0,,,361.0,439637.05573546723,3898424.001982761,0.01,36.0,,,,,,,,,,,,0,
16,39,luxury,-4643925.340496173,671.1,145630.4253144504,12717.726526583141,0.1,44.0,5.0,,,361.0,546862.2406430751,5190787.581139248,0.01,36.0,,,,,,,,,,,,0,
17,39,luxury,-5798301.2059975825,702.1,183103.2689664518,16548.911967551183,0.1,45.0,0.0,,,361.0,728152.126572252,6526453.332569835,0.01,36.0,,,,,,,,,,,,0,
18,39,luxury,-7321661.838143036,738.1,205413.28475308837,0.0,0.1,44.0,0.0,,,361.0,0.0,7321661.838143036,0.01,36.0,,,,,,,,,,,,0,
19,39,luxury,-6029298.258986549,774.1,169155.30756725298,0.0,0.1,45.0,4.0,,,361.0,0.0,6029298.258986549,0.01,36.0,,,,,,,,,,,,0,
20,39,luxury,-6642110.962325639,806.1,205331.09192193073,15036.027339311377,0.1,46.0,1.0,,,361.0,676621.2302690119,7318732.192594651,0.01,36.0,,,,,,,,,,,,0,
21,39,luxury,-7903064.4582959935,841.1,227485.53550651582,4463.719389607189,0.1,45.0,1.0,,,361.0,205331.09192193073,8108395.550217925,0.01,36.0,,,,,,,,,,,,0,
22,39,luxury,-6591476.081103308,876.1,191309.7511518381,5055.234122367018,0.1,46.0,2.0,,,361.0,227485.53550651582,6818961.616609824,0.01,36.0,,,,,,,,,,,,0,
23,39,luxury,-7663081.718692029,910.1,225726.61131886256,8317.815267471222,0.1,47.0,0.0,,,361.0,382619.5023036762,8045701.220995706,0.01,36.0,,,,,,,,,,,,0,
24,39,luxury,-9513301.001907444,946.1,266900.9373618217,0.0,0.1,46.0,1.0,,,361.0,0.0,9513301.001907444,0.01,36.0,,,,,,,,,,,,0,
25,39,luxury,-8019660.4601597395,981.1,232484.07719479722,5802.194290474385,0.1,47.0,4.0,,,361.0,266900.9373618217,8286561.397521561,0.01,36.0,,,,,,,,,,,,0,
26,39,luxury,-8700904.492415434,1013.1,270198.5816391108,19785.878910195508,0.1,48.0,3.0,,,361.0,929936.3087791889,9630840.801194623,0.01,36.0,,,,,,,,,,,,0,
27,39,luxury,-9325345.576934539,1046.1,284369.45696391485,16887.411352444426,0.1,47.0,0.0,,,361.0,810595.7449173324,10135941.321851872,0.01,36.0,,,,,,,,,,,,0,
28,39,luxury,-8800275.570421284,1082.1,246896.61331191345,0.0,0.1,46.0,1.0,,,361.0,0.0,8800275.570421284,0.01,36.0,,,,,,,,,,,,0,
29,39,luxury,-7209099.55343631,1117.1,209182.10886759992,5367.317680693771,0.1,47.0,2.0,,,361.0,246896.61331191345,7455996.166748224,0.01,36.0,,,,,,,,,,,,0,
30,39,luxury,-8401278.342767699,1151.1,247439.964962999,8901.366334791486,0.1,48.0,1.0,,,361.0,418364.21773519984,8819642.560502898,0.01,36.0,,,,,,,,,,,,0,
31,39,luxury,-9815496.968374206,1186.1,282321.2783430361,5154.999270062479,0.1,47.0,2.0,,,361.0,247439.964962999,10062936.933337204,0.01,36.0,,,,,,,,,,,,0,
32,39,luxury,-8255000.003816826,1220.1,247439.964962999,12013.671418852598,0.1,48.0,1.0,,,361.0,564642.5566860721,8819642.560502898,0.01,36.0,,,,,,,,,,,,0,
33,39,luxury,-9816420.385436656,1255.1,282347.185321013,5154.999270062479,0.1,47.0,3.0,,,361.0,247439.964962999,10063860.350399654,0.01,36.0,,,,,,,,,,,,0,
34,39,luxury,-7972601.004539859,1288.1,247439.964962999,18022.16076517104,0.1,48.0,1.0,,,361.0,847041.5559630389,8819642.560502898,0.01,36.0,,,,,,,,,,,,0,
35,39,luxury,-9834183.436856614,1323.1,282845.53758311865,5154.999270062479,0.1,47.0,0.0,,,361.0,247439.964962999,10081623.401819613,0.01,36.0,,,,,,,,,,,,0,
36,39,luxury,-8819642.560502898,1359.1,247439.964962999,0.0,0.1,46.0,0.0,,,361.0,0.0,8819642.560502898,0.01,36.0,,,,,,,,,,,,0,
37,39,luxury,-7455996.166748224,1395.1,209182.10886759992,0.0,0.1,47.0,3.0,,,361.0,0.0,7455996.166748224,0.01,36.0,,,,,,,,,,,,0,
38,39,luxury,-8080437.202245727,1428.1,244307.30888415844,13352.04950218723,0.1,48.0,0.0,,,361.0,627546.3266027998,8707983.528848527,0.01,36.0,,,,,,,,,,,,0,
39,39,luxury,-9952961.701047184,1464.1,279235.8621894943,0.0,0.1,47.0,0.0,,,361.0,0.0,9952961.701047184,0.01,36.0,,,,,,,,,,,,0,
40,39,luxury,-8707983.528848527,1500.1,244307.30888415844,0.0,0.1,48.0,3.0,,,361.0,0.0,8707983.528848527,0.01,36.0,,,,,,,,,,,,0,
5,40,luxury,-2661399.3343518605,821.6,74551.74929082036,4801.934701630778,0.1,82.0,3.0,,,546.0,398560.5802353546,3059959.914587215,0.34,55.0,,,,,,,,,,,,0,
6,40,luxury,-1436635.6509276968,873.6,38186.689978100185,2727.503022834891,0.1,81.0,13.0,,,546.0,223655.24787246107,1660290.898800158,0.265,55.0,,,,,,,,,,,,0,
7,40,luxury,-340039.56902589294,915.6,18250.178695259197,6128.728021176573,0.1,82.0,62.0,,,546.0,496426.9697153024,836466.5387411953,0.2,55.0,,,,,,,,,,,,0,
8,40,luxury,-1119006.0534858948,908.6,48897.59862817818,13798.915598854517,0.1,83.0,16.0,,,546.0,1131511.0791060703,2250517.132591965,0.195,55.0,,,,,,,,,,,,0,
9,40,luxury,-2359411.671697371,947.6,65120.38981077425,9426.043109046397,0.1,82.0,9.0,,,546.0,782361.5780508509,3141773.249748222,0.14,55.0,,,,,,,,,,,,0,
10,40,luxury,-1141639.1476004836,993.6,33769.12402401158,7147.359857280101,0.1,81.0,19.0,,,546.0,586083.5082969683,1727722.655897452,0.07500000000000001,55.0,,,,,,,,,,,,0,
11,40,luxury,-257152.5372944969,1029.6,16504.609748792987,7921.152548842223,0.1,82.0,77.0,,,546.0,641613.35645622,898765.8937507169,0.010000000000000009,55.0,,,,,,,,,,,,0,
12,40,luxury,-1185659.7902067339,1007.5999999999999,45110.542602943446,15498.231105573905,0.1,83.0,1.0,,,546.0,1270854.9506570601,2456514.740863794,0.01,55.0,,,,,,,,,,,,0,
13,40,luxury,-3293563.675819103,1061.6,61310.19816901943,543.5005132884753,0.1,82.0,28.0,,,546.0,45110.542602943446,3338674.2184220464,0.01,55.0,,,,,,,,,,,,0,
14,40,luxury,-64239.82257642504,1088.6,32704.26531486897,20935.18961868956,0.1,83.0,6.0,,,546.0,1716685.548732544,1780925.371308969,0.01,55.0,,,,,,,,,,,,0,
15,40,luxury,-2995649.7601466407,1137.6,58614.437217123195,2364.1637577013717,0.1,82.0,11.0,,,546.0,196225.59188921383,3191875.3520358545,0.01,55.0,,,,,,,,,,,,0,
16,40,luxury,-1136166.561920614,1181.6,32704.26531486897,7862.912309614087,0.1,83.0,11.0,,,546.0,644758.8093883551,1780925.371308969,0.01,55.0,,,,,,,,,,,,0,
17,40,luxury,-2821383.9708005805,1225.6,58417.1298134482,4334.300222452514,0.1,82.0,18.0,,,546.0,359746.91846355866,3181130.8892641393,0.01,55.0,,,,,,,,,,,,0,
18,40,luxury,-729417.0346669015,1262.6,32704.26531486897,12823.272398073996,0.1,83.0,63.0,,,546.0,1051508.3366420676,1780925.371308969,0.01,55.0,,,,,,,,,,,,0,
19,40,luxury,-1085763.7564895188,1254.6,57774.43160481991,24823.7194558644,0.1,84.0,18.0,,,546.0,2060368.7148367453,3146132.471326264,0.01,55.0,,,,,,,,,,,,0,
20,40,luxury,-2653507.0171658723,1291.6,67825.11247432808,12380.23534388998,0.1,83.0,1.0,,,546.0,1039939.7688867584,3693446.7860526307,0.01,55.0,,,,,,,,,,,,0,
21,40,luxury,-2260414.573561008,1345.6,42754.94618437715,817.1700298111817,0.1,82.0,13.0,,,546.0,67825.11247432808,2328239.686035336,0.01,55.0,,,,,,,,,,,,0,
22,40,luxury,-890265.9080801804,1387.6,26555.290618301155,6778.223175571988,0.1,83.0,0.0,,,546.0,555814.300396903,1446080.2084770834,0.01,55.0,,,,,,,,,,,,0,
23,40,luxury,-2340153.8822353566,1442.6,42973.734146981384,0.0,0.1,82.0,20.0,,,546.0,0.0,2340153.8822353566,0.01,55.0,,,,,,,,,,,,0,
24,40,luxury,-589423.0821394718,1477.6,26607.031202233808,10481.398572434484,0.1,83.0,41.0,,,546.0,859474.6829396277,1448897.7650790995,0.01,55.0,,,,,,,,,,,,0,
25,40,luxury,-1254642.9474084666,1491.6,43072.48174353767,13143.232280621518,0.1,84.0,41.0,,,546.0,1090888.279291586,2345531.2267000526,0.01,55.0,,,,,,,,,,,,0,
26,40,luxury,-1941671.801464537,1505.6,68085.81673442292,21023.473231964814,0.1,85.0,1.0,,,546.0,1765971.7514850444,3707643.5529495813,0.01,55.0,,,,,,,,,,,,0,
27,40,luxury,-4469864.102477237,1559.6,83333.26063764574,801.0096086402696,0.1,84.0,7.0,,,546.0,68085.81673442292,4537949.91921166,0.01,55.0,,,,,,,,,,,,0,
28,40,luxury,-2592504.768498611,1607.6,58319.9256467605,6944.438386470479,0.1,85.0,2.0,,,546.0,583332.8244635202,3175837.5929621314,0.01,55.0,,,,,,,,,,,,0,
29,40,luxury,-4429574.604263031,1660.6,83485.027575038,1372.2335446296588,0.1,84.0,5.0,,,546.0,116639.851293521,4546214.455556552,0.01,55.0,,,,,,,,,,,,0,
30,40,luxury,-2758412.4550869414,1710.6,58319.9256467605,4969.346879466548,0.1,85.0,8.0,,,546.0,417425.13787519,3175837.5929621314,0.01,55.0,,,,,,,,,,,,0,
31,40,luxury,-4060403.913791692,1757.6,83131.50670952596,5488.934178518635,0.1,86.0,1.0,,,546.0,466559.405174084,4526963.318965776,0.01,55.0,,,,,,,,,,,,0,
32,40,luxury,-5271450.927217279,1811.6,98329.60290793583,966.645426854953,0.1,85.0,10.0,,,546.0,83131.50670952596,5354582.433926805,0.01,55.0,,,,,,,,,,,,0,
33,40,luxury,-3020160.678843802,1856.6,73518.02184517038,11568.188577404215,0.1,86.0,7.0,,,546.0,983296.0290793583,4003456.7079231604,0.01,55.0,,,,,,,,,,,,0,
34,40,luxury,-4808086.882987884,1904.6,97744.36488215915,5984.025033909217,0.1,85.0,6.0,,,546.0,514626.15291619266,5322713.035904077,0.01,55.0,,,,,,,,,,,,0,
35,40,luxury,-3416990.5186302057,1953.6,73518.02184517038,6899.60222697594,0.1,86.0,20.0,,,546.0,586466.1892929549,4003456.7079231604,0.01,55.0,,,,,,,,,,,,0,
36,40,luxury,-3846468.399869741,1988.6,97636.3095909922,17097.214382597766,0.1,87.0,7.0,,,546.0,1470360.4369034078,5316828.836773149,0.01,55.0,,,,,,,,,,,,0,
37,40,luxury,-5919796.334915585,2036.6,121259.68883297032,7855.795024562591,0.1,86.0,3.0,,,546.0,683454.1671369454,6603250.502052531,0.01,55.0,,,,,,,,,,,,0,
38,40,luxury,-4953049.770274238,2088.6,97636.3095909922,4229.989145336174,0.1,85.0,14.0,,,546.0,363779.06649891095,5316828.836773149,0.01,55.0,,,,,,,,,,,,0,
39,40,luxury,-2636548.3736492693,2129.6,73518.02184517038,16081.274520869303,0.1,86.0,6.0,,,546.0,1366908.3342738908,4003456.7079231604,0.01,55.0,,,,,,,,,,,,0,
40,40,luxury,-5002856.316850465,2178.6,99970.98168054038,5129.164314779329,0.1,85.0,6.0,,,546.0,441108.1310710223,5443964.4479214875,0.01,55.0,,,,,,,,,,,,0,
