data/saved_data/run_2025_05_03_1650_average_demand_print/firm_data.csv
Step,AgentID,FirmType,Profit,Inventory,ProductPrice,RevenuePerEmployee,ProductionLevel,NumEmployees,DemandReceived,InventoryDemandRatio,SellThroughRate,ProductionCapacity,Revenue,Costs,Markup,ProducedUnits,IncomeBracket,NumPeople,SpendRatio,PostTaxIncome,HouseholdExpense,HouseholdSavings,HealthLevel,Welfare,SkillLevel,SkillType,JobLevel,IsEmployed,Wage
5,41,luxury,-2628742.1149718612,429.3,136352.58056409896,7855.858676596009,0.1,74.0,0.0,,,313.0,573477.6833915086,3202219.79836337,0.32,31.0,,,,,,,,,,,,0,
6,41,luxury,-3717345.001610117,460.3,149293.36702294287,0.0,0.1,73.0,4.0,,,313.0,0.0,3717345.001610117,0.245,31.0,,,,,,,,,,,,0,
7,41,luxury,-1782422.262500293,487.3,90578.1571458219,8180.458467010568,0.1,74.0,8.0,,,313.0,597173.4680917715,2379595.7305920646,0.18,31.0,,,,,,,,,,,,0,
8,41,luxury,-3026488.54237779,510.29999999999995,136129.12543091242,9792.233204953718,0.1,75.0,1.0,,,313.0,724625.2571665752,3751113.799544365,0.125,31.0,,,,,,,,,,,,0,
9,41,luxury,-4463029.638124567,540.3,158745.15220191004,1815.0550057454989,0.1,74.0,2.0,,,313.0,136129.12543091242,4599158.76355548,0.07,31.0,,,,,,,,,,,,0,
10,41,luxury,-2910150.3901993595,569.3,105158.6127867935,4290.409518970541,0.1,75.0,6.0,,,313.0,317490.3044038201,3227640.6946031796,0.01,31.0,,,,,,,,,,,,0,
11,41,luxury,-3979261.1625309596,594.3,150203.70378840432,8412.68902294348,0.1,76.0,3.0,,,313.0,630951.676720761,4610212.83925172,0.01,31.0,,,,,,,,,,,,0,
12,41,luxury,-4969561.605166162,622.3,176592.71829367647,5929.093570594907,0.1,75.0,4.0,,,313.0,450611.11136521294,5420172.716531375,0.01,31.0,,,,,,,,,,,,0,
13,41,luxury,-3331229.6987081286,649.3,131547.62729206568,9418.27830899608,0.1,76.0,0.0,,,313.0,706370.8731747059,4037600.5718828347,0.01,31.0,,,,,,,,,,,,0,
14,41,luxury,-5564019.0798354605,680.3,181279.32546304804,0.0,0.1,75.0,0.0,,,313.0,0.0,5564019.0798354605,0.01,31.0,,,,,,,,,,,,0,
15,41,luxury,-4037600.5718828347,711.3,131547.62729206568,0.0,0.1,76.0,0.0,,,313.0,0.0,4037600.5718828347,0.01,31.0,,,,,,,,,,,,0,
16,41,luxury,-5423210.968343963,742.3,176691.70649469987,0.0,0.1,77.0,6.0,,,313.0,0.0,5423210.968343963,0.01,31.0,,,,,,,,,,,,0,
17,41,luxury,-5697777.470492865,767.3,220177.63762509797,13768.184921664924,0.1,78.0,0.0,,,313.0,1060150.2389681991,6757927.709461064,0.01,31.0,,,,,,,,,,,,0,
18,41,luxury,-7603347.827158776,798.3,247721.9696034966,0.0,0.1,77.0,1.0,,,313.0,0.0,7603347.827158776,0.01,31.0,,,,,,,,,,,,0,
19,41,luxury,-6020909.11643818,828.3,204236.03847309857,3217.168436409047,0.1,78.0,1.0,,,313.0,247721.9696034966,6268631.086041677,0.01,31.0,,,,,,,,,,,,0,
20,41,luxury,-7436438.828249365,858.3,248938.10859521225,2618.41074965511,0.1,77.0,0.0,,,313.0,204236.03847309857,7640674.866722464,0.01,31.0,,,,,,,,,,,,0,
21,41,luxury,-6268631.086041677,889.3,204236.03847309857,0.0,0.1,76.0,1.0,,,313.0,0.0,6268631.086041677,0.01,31.0,,,,,,,,,,,,0,
22,41,luxury,-4678784.651107449,919.3,159091.95927046431,2687.3162956986653,0.1,77.0,3.0,,,313.0,204236.03847309857,4883020.689580548,0.01,31.0,,,,,,,,,,,,0,
23,41,luxury,-5697254.229097217,947.3,201170.16796153315,6198.388023524583,0.1,78.0,1.0,,,313.0,477275.87781139294,6174530.10690861,0.01,31.0,,,,,,,,,,,,0,
24,41,luxury,-7269134.740741378,977.3,243387.34562589013,2579.1047174555533,0.1,77.0,1.0,,,313.0,201170.16796153315,7470304.908702911,0.01,31.0,,,,,,,,,,,,0,
25,41,luxury,-5935408.145748959,1007.3,201309.13693482132,3160.8746185180535,0.1,78.0,1.0,,,313.0,243387.34562589013,6178795.491374849,0.01,31.0,,,,,,,,,,,,0,
26,41,luxury,-7334896.27861942,1037.3,245534.42658630182,2580.886370959248,0.1,77.0,1.0,,,313.0,201309.13693482132,7536205.415554241,0.01,31.0,,,,,,,,,,,,0,
27,41,luxury,-5994896.1871736385,1067.3,203317.24892194488,3188.758786835089,0.1,78.0,1.0,,,313.0,245534.42658630182,6240430.6137599405,0.01,31.0,,,,,,,,,,,,0,
28,41,luxury,-7403876.834524636,1097.3,247847.28311076656,2606.6313964351907,0.1,77.0,2.0,,,313.0,203317.24892194488,7607194.083446581,0.01,31.0,,,,,,,,,,,,0,
29,41,luxury,-5754089.593045655,1126.3,203621.993459286,6437.59176911082,0.1,78.0,2.0,,,313.0,495694.5662215331,6249784.159267188,0.01,31.0,,,,,,,,,,,,0,
30,41,luxury,-7151253.208806834,1155.3,246260.70714264366,5221.076755366307,0.1,77.0,2.0,,,313.0,407243.986918572,7558497.1957254065,0.01,31.0,,,,,,,,,,,,0,
31,41,luxury,-5757262.744981901,1184.3,203621.993459286,6396.38200370503,0.1,78.0,2.0,,,313.0,492521.4142852873,6249784.159267188,0.01,31.0,,,,,,,,,,,,0,
32,41,luxury,-7181619.085709926,1213.3,247250.0469711205,5221.076755366307,0.1,77.0,1.0,,,313.0,407243.986918572,7588863.072628498,0.01,31.0,,,,,,,,,,,,0,
33,41,luxury,-6002534.112296067,1243.3,203621.993459286,3211.039571053513,0.1,76.0,3.0,,,313.0,247250.0469711205,6249784.159267188,0.01,31.0,,,,,,,,,,,,0,
34,41,luxury,-4272154.70920269,1271.3,159091.95927046431,8037.710268129711,0.1,77.0,4.0,,,313.0,610865.980377858,4883020.689580548,0.01,31.0,,,,,,,,,,,,0,
35,41,luxury,-5629328.782370055,1298.3,204140.43166148383,8264.517364699444,0.1,78.0,4.0,,,313.0,636367.8370818573,6265696.619451912,0.01,31.0,,,,,,,,,,,,0,
36,41,luxury,-6902864.664443142,1325.3,251503.88398374466,10468.7400852043,0.1,79.0,1.0,,,313.0,816561.7266459353,7719426.391089077,0.01,31.0,,,,,,,,,,,,0,
37,41,luxury,-8316391.927839432,1355.3,279147.5642191562,3183.5934681486665,0.1,78.0,1.0,,,313.0,251503.88398374466,8567895.811823176,0.01,31.0,,,,,,,,,,,,0,
38,41,luxury,-6906072.3177326545,1385.3,234099.09182813668,3578.8149258866183,0.1,79.0,0.0,,,313.0,279147.5642191562,7185219.881951811,0.01,31.0,,,,,,,,,,,,0,
39,41,luxury,-8450777.8282041,1416.3,275331.78487594693,0.0,0.1,78.0,1.0,,,313.0,0.0,8450777.8282041,0.01,31.0,,,,,,,,,,,,0,
40,41,luxury,-6909888.097075864,1446.3,234099.09182813668,3529.8946778967556,0.1,79.0,1.0,,,313.0,275331.78487594693,7185219.881951811,0.01,31.0,,,,,,,,,,,,0,
5,42,luxury,-578918.0863496679,758.4,33731.17560956276,34615.33117784256,0.1,17.0,53.0,,,454.0,553845.298845481,1132763.3851951489,0.34,45.0,,,,,,,,,,,,0,
6,42,luxury,-892191.6899838126,750.4,78313.91729162828,105161.90042981331,0.1,18.0,3.0,,,454.0,1787752.307306826,2679943.9972906387,0.315,45.0,,,,,,,,,,,,0,
7,42,luxury,-3376264.566938028,792.4,101916.26495502522,13052.319548604713,0.1,17.0,9.0,,,454.0,234941.75187488485,3611206.3188129133,0.27,45.0,,,,,,,,,,,,0,
8,42,luxury,-1146779.3221221964,828.4,54352.67573572158,53955.66968207218,0.1,18.0,4.0,,,454.0,917246.384595227,2064025.7067174234,0.185,45.0,,,,,,,,,,,,0,
9,42,luxury,-3343636.1494523617,869.4,89421.84119521754,12078.372385715908,0.1,17.0,2.0,,,454.0,217410.70294288633,3561046.852395248,0.13,45.0,,,,,,,,,,,,0,
10,42,luxury,-1885182.0243269883,912.4,47931.262568632104,10520.216611202064,0.1,16.0,4.0,,,454.0,178843.68239043507,2064025.7067174234,0.045,45.0,,,,,,,,,,,,0,
11,42,luxury,-941038.3349206204,953.4,25424.244302730138,11982.815642158026,0.1,17.0,16.0,,,454.0,191725.05027452842,1132763.3851951489,0.01,45.0,,,,,,,,,,,,0,
12,42,luxury,-2261374.2218217375,982.4,59885.415379703525,23928.7005202166,0.1,18.0,19.0,,,454.0,406787.9088436822,2668162.1306654196,0.01,45.0,,,,,,,,,,,,0,
13,42,luxury,-2525202.5680044284,1008.4000000000001,82214.56961347588,63212.38290079816,0.1,19.0,17.0,,,454.0,1137822.892214367,3663025.4602187956,0.01,45.0,,,,,,,,,,,,0,
14,42,luxury,-2887808.966906413,1036.4,96184.69157009259,73560.40439100473,0.1,20.0,7.0,,,454.0,1397647.6834290898,4285456.650335503,0.01,45.0,,,,,,,,,,,,0,
15,42,luxury,-4509686.995069914,1074.4,116329.10040204595,33664.642049532406,0.1,19.0,2.0,,,454.0,673292.8409906481,5182979.836060562,0.01,45.0,,,,,,,,,,,,0,
16,42,luxury,-3414922.8897861997,1117.4,81867.92932507256,12245.168463373258,0.1,18.0,8.0,,,454.0,232658.2008040919,3647581.0905902917,0.01,45.0,,,,,,,,,,,,0,
17,42,luxury,-2095114.4702646509,1154.4,61723.520493119184,36385.74636669891,0.1,19.0,6.0,,,454.0,654943.4346005805,2750057.9048652314,0.01,45.0,,,,,,,,,,,,0,
18,42,luxury,-4087870.0457988493,1193.4,100062.07067517933,19491.63805045869,0.1,18.0,2.0,,,454.0,370341.1229587151,4458211.168757564,0.01,45.0,,,,,,,,,,,,0,
19,42,luxury,-2549933.7635148726,1236.4,61723.520493119184,11118.007852797704,0.1,17.0,7.0,,,454.0,200124.14135035867,2750057.9048652314,0.01,45.0,,,,,,,,,,,,0,
20,42,luxury,-1323129.9318600215,1274.4,39394.36625934685,25415.567261872606,0.1,18.0,22.0,,,454.0,432064.6434518343,1755194.5753118559,0.01,45.0,,,,,,,,,,,,0,
21,42,luxury,-1788711.4017037963,1297.4,59598.69498677392,48148.669872535036,0.1,19.0,3.0,,,454.0,866676.0577056307,2655387.459409427,0.01,45.0,,,,,,,,,,,,0,
22,42,luxury,-4027171.9713607905,1339.4,94400.61427741576,9410.320261069566,0.1,18.0,0.0,,,454.0,178796.08496032175,4205968.056321112,0.01,45.0,,,,,,,,,,,,0,
23,42,luxury,-2655387.459409427,1384.4,59598.69498677392,0.0,0.1,17.0,12.0,,,454.0,0.0,2655387.459409427,0.01,45.0,,,,,,,,,,,,0,
24,42,luxury,-1040010.2354705689,1417.4,39394.36625934685,42069.66704948747,0.1,18.0,25.0,,,454.0,715184.339841287,1755194.5753118559,0.01,45.0,,,,,,,,,,,,0,
25,42,luxury,-1662811.7738916506,1437.4,59425.501783412736,54714.39758242617,0.1,19.0,21.0,,,454.0,984859.1564836712,2647670.930375322,0.01,45.0,,,,,,,,,,,,0,
26,42,luxury,-2934545.8356445786,1461.4,93873.46873230534,65680.81776061408,0.1,20.0,4.0,,,454.0,1247935.5374516675,4182481.373096246,0.01,45.0,,,,,,,,,,,,0,
27,42,luxury,-4704390.13670756,1502.4,114015.17194973284,18774.693746461067,0.1,19.0,8.0,,,454.0,375493.87492922135,5079884.0116367815,0.01,45.0,,,,,,,,,,,,0,
28,42,luxury,-2632952.1933179945,1539.4,79567.20500084024,48006.3881893612,0.1,20.0,13.0,,,454.0,912121.3755978628,3545073.568915857,0.01,45.0,,,,,,,,,,,,0,
29,42,luxury,-3952831.7310066954,1571.4,111935.0519565054,51718.68325054616,0.1,21.0,5.0,,,454.0,1034373.6650109232,4987205.3960176185,0.01,45.0,,,,,,,,,,,,0,
30,42,luxury,-5333364.602954408,1611.4,132266.00286885115,26651.202846787,0.1,20.0,8.0,,,454.0,559675.259782527,5893039.862736935,0.01,45.0,,,,,,,,,,,,0,
31,42,luxury,-3392780.012684363,1648.4,99898.15591318597,52906.40114754046,0.1,21.0,4.0,,,454.0,1058128.0229508092,4450908.035635172,0.01,45.0,,,,,,,,,,,,0,
32,42,luxury,-5513142.436018873,1689.4,132708.05061245072,19028.220173940186,0.1,20.0,11.0,,,454.0,399592.6236527439,5912735.059671617,0.01,45.0,,,,,,,,,,,,0,
33,42,luxury,-2991119.478898214,1723.4,99898.15591318597,72989.4278368479,0.1,21.0,0.0,,,454.0,1459788.556736958,4450908.035635172,0.01,45.0,,,,,,,,,,,,0,
34,42,luxury,-5981183.667766942,1768.4,134244.341560006,0.0,0.1,20.0,1.0,,,454.0,0.0,5981183.667766942,0.01,45.0,,,,,,,,,,,,0,
35,42,luxury,-4316663.694075166,1812.4,99898.15591318597,6712.2170780003,0.1,21.0,6.0,,,454.0,134244.341560006,4450908.035635172,0.01,45.0,,,,,,,,,,,,0,
36,42,luxury,-5383903.054109917,1851.4,134291.6616709614,28542.330260910276,0.1,22.0,2.0,,,454.0,599388.9354791158,5983291.989589033,0.01,45.0,,,,,,,,,,,,0,
37,42,luxury,-7342391.105713434,1894.4,170824.08894492936,12208.332879178308,0.1,21.0,4.0,,,454.0,268583.3233419228,7610974.429055356,0.01,45.0,,,,,,,,,,,,0,
38,42,luxury,-5395294.119321779,1935.4,136430.58318715397,32537.92170379607,0.1,22.0,5.0,,,454.0,683296.3557797174,6078590.475101497,0.01,45.0,,,,,,,,,,,,0,
39,42,luxury,-6817442.574801304,1975.4,168324.25060711545,31006.950724353177,0.1,21.0,6.0,,,454.0,682152.9159357699,7499595.490737074,0.01,45.0,,,,,,,,,,,,0,
40,42,luxury,-5068644.971458804,2014.4,136430.58318715397,48092.64303060441,0.1,22.0,4.0,,,454.0,1009945.5036426927,6078590.475101497,0.01,45.0,,,,,,,,,,,,0,
5,43,luxury,-2540387.588924796,394.5,115450.06508085372,18717.502454427296,0.1,51.0,6.0,,,415.0,973310.1276302193,3513697.716555015,0.38,42.0,,,,,,,,,,,,0,
6,43,luxury,-1274728.6087271564,430.5,61130.82816288561,13582.360597747496,0.1,50.0,2.0,,,415.0,692700.3904851223,1967428.9992122788,0.305,42.0,,,,,,,,,,,,0,
7,43,luxury,-875407.6712012598,470.5,29454.998492345716,2445.2331265154244,0.1,49.0,0.0,,,415.0,122261.65632577123,997669.3275270311,0.24,42.0,,,,,,,,,,,,0,
8,43,luxury,-10928817.374742612,512.5,300542.47064964875,0.0,0.1,48.0,1.0,,,415.0,0.0,10928817.374742612,0.15499999999999997,42.0,,,,,,,,,,,,0,
9,43,luxury,-10405312.904092964,553.5,272744.404243576,6261.301471867682,0.1,49.0,1.0,,,415.0,300542.47064964875,10705855.374742612,0.06999999999999997,42.0,,,,,,,,,,,,0,
10,43,luxury,-701180.0185850557,594.5,23536.50632463226,5566.212331501551,0.1,48.0,35.0,,,415.0,272744.404243576,973924.4228286317,0.014999999999999972,42.0,,,,,,,,,,,,0,
11,43,luxury,-9882077.653380483,601.5,257450.32550094556,17162.03586171102,0.1,49.0,0.0,,,415.0,823777.7213621291,10705855.374742612,0.01,42.0,,,,,,,,,,,,0,
12,43,luxury,-1027326.9746300697,643.5,24704.767135038175,0.0,0.1,48.0,30.0,,,415.0,0.0,1027326.9746300697,0.01,42.0,,,,,,,,,,,,0,
13,43,luxury,-9964712.360691467,655.5,257450.32550094556,15440.47945939886,0.1,49.0,0.0,,,415.0,741143.0140511453,10705855.374742612,0.01,42.0,,,,,,,,,,,,0,
14,43,luxury,-930133.4775688334,697.5,22367.494999453018,0.0,0.1,48.0,20.0,,,415.0,0.0,930133.4775688334,0.01,42.0,,,,,,,,,,,,0,
15,43,luxury,-10258505.474753551,719.5,257450.32550094556,9319.789583105425,0.1,49.0,0.0,,,415.0,447349.89998906036,10705855.374742612,0.01,42.0,,,,,,,,,,,,0,
16,43,luxury,-956751.7359583513,761.5,23007.600721674626,0.0,0.1,48.0,8.0,,,415.0,0.0,956751.7359583513,0.01,42.0,,,,,,,,,,,,0,
17,43,luxury,-10521794.568969214,795.5,257450.32550094556,3834.6001202791044,0.1,49.0,0.0,,,415.0,184060.805773397,10705855.374742612,0.01,42.0,,,,,,,,,,,,0,
18,43,luxury,-1003887.1628327481,837.5,24141.095483809055,0.0,0.1,48.0,12.0,,,415.0,0.0,1003887.1628327481,0.01,42.0,,,,,,,,,,,,0,
19,43,luxury,-10416162.228936903,867.5,257450.32550094556,6035.273870952264,0.1,49.0,1.0,,,415.0,289693.14580570866,10705855.374742612,0.01,42.0,,,,,,,,,,,,0,
20,43,luxury,-725818.9030238334,908.5,23645.283265827227,5254.0882755295015,0.1,48.0,5.0,,,415.0,257450.32550094556,983269.228524779,0.01,42.0,,,,,,,,,,,,0,
21,43,luxury,-10587628.958413476,945.5,257450.32550094556,2463.050340190336,0.1,47.0,1.0,,,415.0,118226.41632913613,10705855.374742612,0.01,42.0,,,,,,,,,,,,0,
22,43,luxury,-10225443.049241666,986.5,252088.62039050998,5477.666500020118,0.1,48.0,1.0,,,415.0,257450.32550094556,10482893.374742612,0.01,42.0,,,,,,,,,,,,0,
23,43,luxury,-786202.8287616104,1027.5,24968.43663512393,5251.846258135624,0.1,47.0,22.0,,,415.0,252088.62039050998,1038291.4491521204,0.01,42.0,,,,,,,,,,,,0,
24,43,luxury,-9933587.768769886,1047.5,252088.62039050998,11687.353318568648,0.1,48.0,0.0,,,415.0,549305.6059727265,10482893.374742612,0.01,42.0,,,,,,,,,,,,0,
25,43,luxury,-934058.1466519774,1089.5,22461.873944205316,0.0,0.1,47.0,52.0,,,415.0,0.0,934058.1466519774,0.01,42.0,,,,,,,,,,,,0,
26,43,luxury,-9314875.929643936,1079.5,252088.62039050998,24851.4350020995,0.1,48.0,2.0,,,415.0,1168017.4450986765,10482893.374742612,0.01,42.0,,,,,,,,,,,,0,
27,43,luxury,-435004.8547328191,1119.5,22585.092711521065,10503.692516271249,0.1,47.0,41.0,,,415.0,504177.24078101997,939182.095513839,0.01,42.0,,,,,,,,,,,,0,
28,43,luxury,-9556904.573570248,1120.5,252088.62039050998,19701.889386646035,0.1,48.0,0.0,,,415.0,925988.8011723637,10482893.374742612,0.01,42.0,,,,,,,,,,,,0,
29,43,luxury,-1037501.7092710079,1162.5,24949.4452717684,0.0,0.1,47.0,14.0,,,415.0,0.0,1037501.7092710079,0.01,42.0,,,,,,,,,,,,0,
30,43,luxury,-10133601.140937855,1190.5,252088.62039050998,7431.749655420374,0.1,48.0,1.0,,,415.0,349292.2338047576,10482893.374742612,0.01,42.0,,,,,,,,,,,,0,
31,43,luxury,-663753.4886731077,1231.5,22023.82162215315,5251.846258135624,0.1,47.0,58.0,,,415.0,252088.62039050998,915842.1090636177,0.01,42.0,,,,,,,,,,,,0,
32,43,luxury,-9205511.720657729,1215.5,252088.62039050998,27178.3330656358,0.1,48.0,1.0,,,415.0,1277381.6540848827,10482893.374742612,0.01,42.0,,,,,,,,,,,,0,
33,43,luxury,-792270.282156575,1256.5,25114.344439481225,5251.846258135624,0.1,47.0,12.0,,,415.0,252088.62039050998,1044358.902547085,0.01,42.0,,,,,,,,,,,,0,
34,43,luxury,-10181521.241468837,1286.5,252088.62039050998,6412.173048378185,0.1,48.0,2.0,,,415.0,301372.1332737747,10482893.374742612,0.01,42.0,,,,,,,,,,,,0,
35,43,luxury,-570325.9042090494,1326.5,25839.241680969724,10503.692516271249,0.1,49.0,26.0,,,415.0,504177.24078101997,1074503.1449900693,0.01,42.0,,,,,,,,,,,,0,
36,43,luxury,-1983687.1310749247,1342.5,63858.629168316904,13710.618034800264,0.1,50.0,6.0,,,415.0,671820.2837052129,2655507.4147801376,0.01,42.0,,,,,,,,,,,,0,
37,43,luxury,-3237472.960816412,1378.5,87067.40228850416,7663.035500198029,0.1,49.0,3.0,,,415.0,383151.77500990144,3620624.7358263135,0.01,42.0,,,,,,,,,,,,0,
38,43,luxury,-1778418.2591707327,1417.5,49048.014801156976,5330.657282969642,0.1,48.0,27.0,,,415.0,261202.20686551247,2039620.4660362452,0.01,42.0,,,,,,,,,,,,0,
39,43,luxury,249793.25464116898,1432.5,25839.241680969724,27589.508325650797,0.1,49.0,27.0,,,415.0,1324296.3996312383,1074503.1449900693,0.01,42.0,,,,,,,,,,,,0,
40,43,luxury,-2122339.641566023,1447.5,67814.26406684438,14237.949497677197,0.1,48.0,16.0,,,415.0,697659.5253861826,2819999.166952206,0.01,42.0,,,,,,,,,,,,0,
