data/saved_data/run_2025_05_03_1650_average_demand_print/firm_data.csv
Step,AgentID,FirmType,Profit,Inventory,ProductPrice,RevenuePerEmployee,ProductionLevel,NumEmployees,DemandReceived,InventoryDemandRatio,SellThroughRate,ProductionCapacity,Revenue,Costs,Markup,ProducedUnits,IncomeBracket,NumPeople,SpendRatio,PostTaxIncome,HouseholdExpense,HouseholdSavings,HealthLevel,Welfare,SkillLevel,SkillType,JobLevel,IsEmployed,Wage
5,55,luxury,-400472.36518227216,107.5,182891.1278408322,52337.442461846746,0.1,41.0,5.0,,,175.0,2093497.6984738698,2493970.063656142,0.32,18.0,,,,,,,,,,,,0,
6,55,luxury,-2303824.442448944,120.5,222597.69328113456,22303.79607815027,0.1,40.0,5.0,,,175.0,914455.639204161,3218280.0816531046,0.245,18.0,,,,,,,,,,,,0,
7,55,luxury,-870632.9513801092,133.5,130037.39683054585,27824.711660141817,0.1,41.0,5.0,,,175.0,1112988.4664056727,1983621.417785782,0.18,18.0,,,,,,,,,,,,0,
8,55,luxury,-2508614.546665599,146.5,194792.75024531077,15858.219125676324,0.1,40.0,3.0,,,175.0,650186.9841527293,3158801.5308183283,0.11,18.0,,,,,,,,,,,,0,
9,55,luxury,-1399243.1670498496,161.5,114609.23110488789,14609.456268398306,0.1,39.0,3.0,,,175.0,584378.2507359323,1983621.417785782,0.04000000000000001,18.0,,,,,,,,,,,,0,
10,55,luxury,-921228.8824058105,176.5,70983.72613855293,8816.094700375992,0.1,38.0,23.0,,,175.0,343827.69331466366,1265056.5757204741,0.01,18.0,,,,,,,,,,,,0,
11,55,luxury,1091879.1434632055,171.5,30341.888497714343,42963.834241755714,0.1,39.0,15.0,,,175.0,1632625.7011867173,540746.5577235116,0.01,18.0,,,,,,,,,,,,0,
12,55,luxury,-1001445.8860806257,174.5,81729.99299732284,11669.957114505516,0.1,38.0,11.0,,,175.0,455128.3274657151,1456574.2135463408,0.01,18.0,,,,,,,,,,,,0,
13,55,luxury,358283.3652470397,181.5,30341.888497714343,23658.68218343556,0.1,39.0,51.0,,,175.0,899029.9229705513,540746.5577235116,0.01,18.0,,,,,,,,,,,,0,
14,55,luxury,136304.16818292206,148.5,79180.18819290702,39677.85418931876,0.1,40.0,12.0,,,175.0,1547436.3133834314,1411132.1452005093,0.01,18.0,,,,,,,,,,,,0,
15,55,luxury,-1621979.2306731716,154.5,144325.70886401265,23754.056457872106,0.1,39.0,11.0,,,175.0,950162.2583148843,2572141.488988056,0.01,18.0,,,,,,,,,,,,0,
16,55,luxury,176450.6523036298,161.5,79180.18819290702,40707.25121805485,0.1,40.0,12.0,,,175.0,1587582.7975041391,1411132.1452005093,0.01,18.0,,,,,,,,,,,,0,
17,55,luxury,-1623862.6408298416,167.5,144431.3890947102,23754.056457872106,0.1,39.0,16.0,,,175.0,950162.2583148843,2574024.899144726,0.01,18.0,,,,,,,,,,,,0,
18,55,luxury,899770.0803148539,169.5,79180.18819290702,59253.903218342646,0.1,40.0,11.0,,,175.0,2310902.2255153633,1411132.1452005093,0.01,18.0,,,,,,,,,,,,0,
19,55,luxury,-1696383.107347648,176.5,144057.7047325898,21774.551753049433,0.1,39.0,8.0,,,175.0,870982.0701219772,2567365.177469625,0.01,18.0,,,,,,,,,,,,0,
20,55,luxury,-258670.50733979093,186.5,79180.18819290702,29550.298406685088,0.1,40.0,21.0,,,175.0,1152461.6378607184,1411132.1452005093,0.01,18.0,,,,,,,,,,,,0,
21,55,luxury,-935065.0411910869,183.5,145768.185411465,41569.59880127619,0.1,41.0,1.0,,,175.0,1662783.9520510475,2597848.9932421343,0.01,18.0,,,,,,,,,,,,0,
22,55,luxury,-3265523.954268176,200.5,191411.38164805862,3555.3215954015855,0.1,40.0,8.0,,,175.0,145768.185411465,3411292.139679641,0.01,18.0,,,,,,,,,,,,0,
23,55,luxury,-693284.2384535472,210.5,124823.38442950066,38282.27632961173,0.1,41.0,6.0,,,175.0,1531291.053184469,2224575.2916380162,0.01,18.0,,,,,,,,,,,,0,
24,55,luxury,-2822468.5002724226,222.5,200395.7052512342,18266.836745780583,0.1,40.0,3.0,,,175.0,748940.3065770039,3571408.8068494266,0.01,18.0,,,,,,,,,,,,0,
25,55,luxury,-1623388.1758843136,237.5,124823.38442950066,15029.677893842565,0.1,39.0,4.0,,,175.0,601187.1157537026,2224575.2916380162,0.01,18.0,,,,,,,,,,,,0,
26,55,luxury,-911838.6074825067,251.5,79180.18819290702,12802.398403025709,0.1,38.0,18.0,,,175.0,499293.5377180026,1411132.1452005093,0.01,18.0,,,,,,,,,,,,0,
27,55,luxury,884496.8297488148,251.5,30341.888497714343,37506.40493348227,0.1,39.0,35.0,,,175.0,1425243.3874723264,540746.5577235116,0.01,18.0,,,,,,,,,,,,0,
28,55,luxury,-204501.59700999758,234.5,72118.29525958079,27229.89993384621,0.1,38.0,8.0,,,175.0,1061966.097420002,1266467.6944299997,0.025,18.0,,,,,,,,,,,,0,
29,55,luxury,36199.80435313471,244.5,30642.303235315474,15182.799002017007,0.1,37.0,45.0,,,175.0,576946.3620766463,540746.5577235116,0.020000000000000004,18.0,,,,,,,,,,,,0,
30,55,luxury,-5302937.505509718,217.5,374925.5104269107,37267.666097005305,0.1,38.0,0.0,,,175.0,1378903.6455891964,6681841.151098914,0.01,18.0,,,,,,,,,,,,0,
31,55,luxury,-798335.7470413129,235.5,44795.50331756793,0.0,0.1,37.0,23.0,,,175.0,0.0,798335.7470413129,0.01,18.0,,,,,,,,,,,,0,
32,55,luxury,-5651544.574794852,230.5,374925.5104269107,27845.853413623303,0.1,38.0,2.0,,,175.0,1030296.5763040623,6681841.151098914,0.01,18.0,,,,,,,,,,,,0,
33,55,luxury,-39688.91118903074,246.5,44301.96039229557,19732.921601416354,0.1,37.0,32.0,,,175.0,749851.0208538214,789539.9320428522,0.01,18.0,,,,,,,,,,,,0,
34,55,luxury,-5264178.418545457,232.5,374925.5104269107,38315.208987931306,0.1,38.0,0.0,,,175.0,1417662.7325534583,6681841.151098914,0.01,18.0,,,,,,,,,,,,0,
35,55,luxury,-816790.9986202357,250.5,45831.04793196612,0.0,0.1,37.0,17.0,,,175.0,0.0,816790.9986202357,0.01,18.0,,,,,,,,,,,,0,
36,55,luxury,-5902713.336255491,251.5,374925.5104269107,21057.50850928173,0.1,38.0,0.0,,,175.0,779127.814843424,6681841.151098914,0.01,18.0,,,,,,,,,,,,0,
37,55,luxury,-751603.2534958324,269.5,42173.291325416634,0.0,0.1,37.0,28.0,,,175.0,0.0,751603.2534958324,0.01,18.0,,,,,,,,,,,,0,
38,55,luxury,-5500988.993987249,259.5,374925.5104269107,31914.923165180153,0.1,38.0,1.0,,,175.0,1180852.1571116657,6681841.151098914,0.01,18.0,,,,,,,,,,,,0,
39,55,luxury,-335022.0486959263,276.5,39835.944159895625,9866.460800708177,0.1,37.0,38.0,,,175.0,374925.5104269107,709947.559122837,0.01,18.0,,,,,,,,,,,,0,
5,56,luxury,18197.822568932548,144.8,96951.42587271189,86701.0437458161,0.1,34.0,24.0,,,388.0,2861134.4436119315,2842936.621042999,0.33,39.0,,,,,,,,,,,,0,
6,56,luxury,-1231275.3056182414,159.8,117235.14421535209,68436.30061603192,0.1,33.0,3.0,,,388.0,2326834.2209450854,3558109.526563327,0.28500000000000003,39.0,,,,,,,,,,,,0,
7,56,luxury,-1852660.0939172707,195.8,68957.07367820988,10657.740383213826,0.1,32.0,19.0,,,388.0,351705.4326460563,2204365.526563327,0.22000000000000003,39.0,,,,,,,,,,,,0,
8,56,luxury,-179008.22115701064,215.8,44484.855359749694,40943.26249643712,0.1,33.0,41.0,,,388.0,1310184.3998859879,1489192.6210429985,0.16500000000000004,39.0,,,,,,,,,,,,0,
9,56,luxury,-927656.6575556931,213.8,81840.54773932698,55269.06271968901,0.1,34.0,4.0,,,388.0,1823879.0697497374,2751535.7273054305,0.16000000000000003,39.0,,,,,,,,,,,,0,
10,56,luxury,-3126890.342393153,248.8,97870.48593543009,9628.299734038468,0.1,33.0,5.0,,,388.0,327362.19095730793,3454252.5333504607,0.10500000000000004,39.0,,,,,,,,,,,,0,
11,56,luxury,-1702556.9974108788,282.8,58450.91655693934,14828.861505368195,0.1,34.0,9.0,,,388.0,489352.42967715045,2191909.427088029,0.040000000000000036,39.0,,,,,,,,,,,,0,
12,56,luxury,-2873499.559821184,312.8,88039.8281764653,15472.301441542766,0.1,35.0,16.0,,,388.0,526058.2490124541,3399557.8088336377,0.01,39.0,,,,,,,,,,,,0,
13,56,luxury,-2664407.937511075,335.8,105481.42396760106,40246.77859495556,0.1,36.0,4.0,,,388.0,1408637.2508234447,4073045.1883345195,0.01,39.0,,,,,,,,,,,,0,
14,56,luxury,-4143777.395928856,370.8,118240.00011480135,11720.15821862234,0.1,35.0,4.0,,,388.0,421925.69587040425,4565703.09179926,0.01,39.0,,,,,,,,,,,,0,
15,56,luxury,-2885094.709594447,405.8,86965.00436382525,13513.142870263013,0.1,36.0,12.0,,,388.0,472960.0004592054,3358054.7100536525,0.01,39.0,,,,,,,,,,,,0,
16,56,luxury,-3405825.9009293094,432.8,115228.20250256313,28988.334787941752,0.1,37.0,9.0,,,388.0,1043580.052365903,4449405.953295212,0.01,39.0,,,,,,,,,,,,0,
17,56,luxury,-4128748.4666337394,462.8,133781.03021198325,28028.481689812652,0.1,36.0,14.0,,,388.0,1037053.8225230682,5165802.289156808,0.01,39.0,,,,,,,,,,,,0,
18,56,luxury,-2201516.622947483,487.8,105517.83207324536,52025.95619354904,0.1,37.0,3.0,,,388.0,1872934.4229677655,4074451.0459152483,0.01,39.0,,,,,,,,,,,,0,
19,56,luxury,-4870255.610007914,523.8,134325.05289653523,8555.499897830705,0.1,36.0,5.0,,,388.0,316553.49621973606,5186809.106227649,0.01,39.0,,,,,,,,,,,,0,
20,56,luxury,-3402825.7814325723,557.8,105517.83207324536,18656.257346741004,0.1,37.0,2.0,,,388.0,671625.2644826762,4074451.0459152483,0.01,39.0,,,,,,,,,,,,0,
21,56,luxury,-5080693.8739935495,594.8,137042.2229866466,5703.666598553803,0.1,36.0,7.0,,,388.0,211035.66414649072,5291729.53814004,0.01,39.0,,,,,,,,,,,,0,
22,56,luxury,-3115155.485008722,626.8,105517.83207324536,26647.098914070175,0.1,37.0,8.0,,,388.0,959295.5609065263,4074451.0459152483,0.01,39.0,,,,,,,,,,,,0,
23,56,luxury,-4408736.353667637,657.8,136036.09395692416,22814.66639421521,0.1,36.0,1.0,,,388.0,844142.6565859629,5252879.0102536,0.01,39.0,,,,,,,,,,,,0,
24,56,luxury,-3938414.9519583243,695.8,105517.83207324536,3778.7803876923376,0.1,35.0,5.0,,,388.0,136036.09395692416,4074451.0459152483,0.01,39.0,,,,,,,,,,,,0,
25,56,luxury,-2873374.5060481397,729.8,88076.2362821096,15073.976010463623,0.1,36.0,13.0,,,388.0,527589.1603662268,3400963.6664143666,0.01,39.0,,,,,,,,,,,,0,
26,56,luxury,-3338819.048821918,755.8,116119.18219423217,31805.30754631736,0.1,37.0,18.0,,,388.0,1144991.0716674249,4483810.120489343,0.01,39.0,,,,,,,,,,,,0,
27,56,luxury,-3056993.30734047,776.8,133297.68818993148,56490.41295935619,0.1,38.0,9.0,,,388.0,2090145.279496179,5147138.586836649,0.01,39.0,,,,,,,,,,,,0,
28,56,luxury,-5048917.3666248135,806.8,161822.62472089526,31570.505097615347,0.1,37.0,3.0,,,388.0,1199679.1937093833,6248596.560334197,0.01,39.0,,,,,,,,,,,,0,
29,56,luxury,-4680282.232096534,842.8,133779.67880877267,13120.753355748264,0.1,36.0,16.0,,,388.0,485467.87416268577,5165750.10625922,0.01,39.0,,,,,,,,,,,,0,
30,56,luxury,-1923817.2718213093,865.8,105254.7422778089,59457.63502612119,0.1,37.0,9.0,,,388.0,2140474.860940363,4064292.132761672,0.01,39.0,,,,,,,,,,,,0,
31,56,luxury,-4282405.181151244,895.8,135435.7616623661,25602.50487838595,0.1,36.0,10.0,,,388.0,947292.6805002801,5229697.861651524,0.01,39.0,,,,,,,,,,,,0,
32,56,luxury,-2709934.516138011,924.8,105254.7422778089,37621.0449062128,0.1,37.0,15.0,,,388.0,1354357.616623661,4064292.132761672,0.01,39.0,,,,,,,,,,,,0,
33,56,luxury,-3574633.453285932,948.8,133461.25640682923,42670.841463976576,0.1,38.0,4.0,,,388.0,1578821.1341671334,5153454.587453065,0.01,39.0,,,,,,,,,,,,0,
34,56,luxury,-5861534.179408838,983.8,165623.91875545125,14048.553305982025,0.1,37.0,6.0,,,388.0,533845.0256273169,6395379.205036155,0.01,39.0,,,,,,,,,,,,0,
35,56,luxury,-4312473.237812054,1016.8,137417.40462643089,26857.932771154257,0.1,38.0,5.0,,,388.0,993743.5125327075,5306216.750344762,0.01,39.0,,,,,,,,,,,,0,
36,56,luxury,-5762554.561209649,1050.8,167029.1752091294,18081.23745084617,0.1,37.0,6.0,,,388.0,687087.0231321545,6449641.584341804,0.01,39.0,,,,,,,,,,,,0,
37,56,luxury,-4304041.699089985,1083.8,137417.40462643089,27085.81219607504,0.1,38.0,10.0,,,388.0,1002175.0512547764,5306216.750344762,0.01,39.0,,,,,,,,,,,,0,
38,56,luxury,-5022707.265055023,1112.8,165662.8194556335,36162.47490169234,0.1,39.0,11.0,,,388.0,1374174.046264309,6396881.311319332,0.01,39.0,,,,,,,,,,,,0,
39,56,luxury,-5008049.473417679,1140.8,176888.30039527293,46725.4106156915,0.1,40.0,2.0,,,388.0,1822291.0140119684,6830340.487429648,0.01,39.0,,,,,,,,,,,,0,
5,57,luxury,-1799692.7720755,76.30000000000001,343763.1579317525,60928.90204174284,0.1,23.0,2.0,,,133.0,1462293.6490018282,3261986.4210773283,0.37,13.0,,,,,,,,,,,,0,
6,57,luxury,-1187731.6245033292,87.30000000000001,186804.5266131172,29892.448515804565,0.1,22.0,0.0,,,133.0,687526.315863505,1875257.9403668342,0.295,13.0,,,,,,,,,,,,0,
7,57,luxury,-1000714.7696254547,100.30000000000001,94683.00553510028,0.0,0.1,21.0,8.0,,,133.0,0.0,1000714.7696254547,0.22999999999999998,13.0,,,,,,,,,,,,0,
8,57,luxury,-3263366.666622827,105.30000000000001,363421.2093761966,36069.716394323914,0.1,22.0,1.0,,,133.0,757464.0442808022,4020830.710903629,0.175,13.0,,,,,,,,,,,,0,
9,57,luxury,-464236.55831276183,117.30000000000001,71305.89450044147,16519.14588073621,0.1,21.0,11.0,,,133.0,363421.2093761966,827657.7676889584,0.12,13.0,,,,,,,,,,,,0,
10,57,luxury,-3236465.871398773,119.30000000000001,329398.798285659,37350.706643088386,0.1,22.0,0.0,,,133.0,784364.8395048562,4020830.710903629,0.065,13.0,,,,,,,,,,,,0,
11,57,luxury,-898617.2453703436,132.3,71198.13011794799,0.0,0.1,21.0,11.0,,,133.0,0.0,898617.2453703436,0.030000000000000006,13.0,,,,,,,,,,,,0,
12,57,luxury,-3237651.279606201,134.3,312387.5927403903,37294.258633210855,0.1,22.0,0.0,,,133.0,783179.431297428,4020830.710903629,0.01,13.0,,,,,,,,,,,,0,
13,57,luxury,-803671.0901435565,147.3,62439.05681584117,0.0,0.1,21.0,12.0,,,133.0,0.0,803671.0901435565,0.01,13.0,,,,,,,,,,,,0,
14,57,luxury,-3271562.0291135353,148.3,312387.5927403903,35679.46103762352,0.1,22.0,1.0,,,133.0,749268.681790094,4020830.710903629,0.01,13.0,,,,,,,,,,,,0,
15,57,luxury,-539642.8085925165,160.3,66196.20301154097,14199.436033654103,0.1,21.0,20.0,,,133.0,312387.5927403903,852030.4013329067,0.01,13.0,,,,,,,,,,,,0,
16,57,luxury,-2696906.6506728097,153.3,312387.5927403903,63044.00286813426,0.1,22.0,1.0,,,133.0,1323924.0602308195,4020830.710903629,0.01,13.0,,,,,,,,,,,,0,
17,57,luxury,-495129.53869882965,165.3,62737.864616595965,14199.436033654103,0.1,21.0,15.0,,,133.0,312387.5927403903,807517.1314392199,0.01,13.0,,,,,,,,,,,,0,
18,57,luxury,-3079762.7416546894,163.3,312387.5927403903,44812.76044042569,0.1,22.0,1.0,,,133.0,941067.9692489395,4020830.710903629,0.01,13.0,,,,,,,,,,,,0,
19,57,luxury,-500055.98062751273,175.3,63120.61122930545,14199.436033654103,0.1,21.0,14.0,,,133.0,312387.5927403903,812443.573367903,0.01,13.0,,,,,,,,,,,,0,
20,57,luxury,-3137142.153693353,174.3,312387.5927403903,42080.40748620363,0.1,22.0,0.0,,,133.0,883688.5572102763,4020830.710903629,0.01,13.0,,,,,,,,,,,,0,
21,57,luxury,-971724.0667473318,187.3,75495.47937840967,0.0,0.1,21.0,38.0,,,133.0,0.0,971724.0667473318,0.01,13.0,,,,,,,,,,,,0,
22,57,luxury,-1152002.4945240617,162.3,312387.5927403903,136610.86744664607,0.1,22.0,1.0,,,133.0,2868828.2163795675,4020830.710903629,0.01,13.0,,,,,,,,,,,,0,
23,57,luxury,-563101.4881112007,174.3,68018.761818565,14199.436033654103,0.1,21.0,24.0,,,133.0,312387.5927403903,875489.080851591,0.01,13.0,,,,,,,,,,,,0,
24,57,luxury,-2388380.427258069,163.3,312387.5927403903,77735.72779264572,0.1,22.0,1.0,,,133.0,1632450.28364556,4020830.710903629,0.01,13.0,,,,,,,,,,,,0,
25,57,luxury,-529396.9526036303,175.3,65400.17887671399,14199.436033654103,0.1,21.0,22.0,,,133.0,312387.5927403903,841784.5453440205,0.01,13.0,,,,,,,,,,,,0,
26,57,luxury,-2582026.7756159212,166.3,312387.5927403903,68514.47310893846,0.1,22.0,4.0,,,133.0,1438803.9352877077,4020830.710903629,0.01,13.0,,,,,,,,,,,,0,
27,57,luxury,435872.84605178423,175.3,63216.47976479961,56797.74413461641,0.1,21.0,37.0,,,133.0,1249550.370961561,813677.5249097769,0.01,13.0,,,,,,,,,,,,0,
28,57,luxury,-1681820.9596060435,151.3,312387.5927403903,111381.41672845646,0.1,22.0,4.0,,,133.0,2339009.7512975857,4020830.710903629,0.01,13.0,,,,,,,,,,,,0,
29,57,luxury,361524.91783085465,160.3,68992.74143609786,56797.74413461641,0.1,21.0,12.0,,,133.0,1249550.370961561,888025.4531307064,0.01,13.0,,,,,,,,,,,,0,
30,57,luxury,-3192917.813670455,161.3,312387.5927403903,39424.4236777702,0.1,20.0,3.0,,,133.0,827912.8972331743,4020830.710903629,0.01,13.0,,,,,,,,,,,,0,
31,57,luxury,-2892289.9326824583,171.3,297518.99542259,46858.138911058544,0.1,21.0,2.0,,,133.0,937162.7782211709,3829452.710903629,0.01,13.0,,,,,,,,,,,,0,
32,57,luxury,-234595.700227433,182.3,64456.15104055293,28335.14242119905,0.1,20.0,13.0,,,133.0,595037.99084518,829633.691072613,0.01,13.0,,,,,,,,,,,,0,
33,57,luxury,-2991522.747376441,182.3,297518.99542259,41896.49817635941,0.1,21.0,0.0,,,133.0,837929.9635271882,3829452.710903629,0.01,13.0,,,,,,,,,,,,0,
34,57,luxury,-825278.8640050527,195.3,64117.81450209914,0.0,0.1,20.0,25.0,,,133.0,0.0,825278.8640050527,0.01,13.0,,,,,,,,,,,,0,
35,57,luxury,-2226507.3483511508,183.3,297518.99542259,80147.26812762393,0.1,21.0,2.0,,,133.0,1602945.3625524787,3829452.710903629,0.01,13.0,,,,,,,,,,,,0,
36,57,luxury,-211864.6506911117,194.3,62690.12348165624,28335.14242119905,0.1,20.0,24.0,,,133.0,595037.99084518,806902.6415362917,0.01,13.0,,,,,,,,,,,,0,
37,57,luxury,-2324889.747343879,183.3,297518.99542259,75228.14817798749,0.1,21.0,2.0,,,133.0,1504562.9635597498,3829452.710903629,0.01,13.0,,,,,,,,,,,,0,
38,57,luxury,-205815.12018690805,194.3,62220.12153248365,28335.14242119905,0.1,20.0,34.0,,,133.0,595037.99084518,800853.111032088,0.01,13.0,,,,,,,,,,,,0,
39,57,luxury,-1713968.5787991849,173.3,297518.99542259,105774.20660522222,0.1,21.0,3.0,,,133.0,2115484.1321044443,3829452.710903629,0.01,13.0,,,,,,,,,,,,0,
