data/saved_data/run_2025_05_03_1650_average_demand_print/firm_data.csv
Step,AgentID,FirmType,Profit,Inventory,ProductPrice,RevenuePerEmployee,ProductionLevel,NumEmployees,DemandReceived,InventoryDemandRatio,SellThroughRate,ProductionCapacity,Revenue,Costs,Markup,ProducedUnits,IncomeBracket,NumPeople,SpendRatio,PostTaxIncome,HouseholdExpense,HouseholdSavings,HealthLevel,Welfare,SkillLevel,SkillType,JobLevel,IsEmployed,Wage
10,22,necessity,-37553.63208493224,1991.0,870.7103548031781,13105.281124236279,0.1,21.0,165.0,,,3782.0,288316.18473319814,325869.8168181304,0.01,378.0,,,,,,,,,,,,0,
11,22,necessity,-22686.12135558162,2204.0,444.48905490105295,6841.295644882114,0.1,20.0,453.0,,,3782.0,143667.2085425244,166353.32989810602,0.01,378.0,,,,,,,,,,,,0,
12,22,necessity,-1009003.3814201695,2129.0,3234.02245843711,10067.67709350885,0.1,21.0,123.0,,,3782.0,201353.541870177,1210356.9232903465,0.01,378.0,,,,,,,,,,,,0,
13,22,necessity,204194.91793343323,2384.0,517.26386873442,18942.131542274503,0.1,22.0,1392.0,,,3782.0,397784.7623877645,193589.8444543313,0.01,378.0,,,,,,,,,,,,0,
14,22,necessity,272660.1414121545,1370.0,1195.3568103424946,32728.695694468755,0.1,23.0,216.0,,,3782.0,720031.3052783126,447371.16386615817,0.01,378.0,,,,,,,,,,,,0,
15,22,necessity,-337053.6917291314,1532.0,1590.4848380959168,11225.959610172993,0.1,22.0,270.0,,,3782.0,258197.07103397883,595250.7627631102,0.01,378.0,,,,,,,,,,,,0,
16,22,necessity,87961.46293461428,1640.0,912.3918964878418,19519.58664935898,0.1,23.0,472.0,,,3782.0,429430.90628589754,341469.44335128326,0.01,378.0,,,,,,,,,,,,0,
17,22,necessity,-159807.88632569026,1546.0,1577.6757367855962,18723.868484446142,0.1,22.0,382.0,,,3782.0,430648.9751422613,590456.8614679516,0.01,378.0,,,,,,,,,,,,0,
18,22,necessity,261202.68810081453,1542.0,912.3918964878418,27394.18779327717,0.1,23.0,946.0,,,3782.0,602672.1314520978,341469.44335128326,0.01,378.0,,,,,,,,,,,,0,
19,22,necessity,302541.96549097646,974.0,1512.6782604380267,37527.07539467384,0.1,24.0,342.0,,,3782.0,863122.7340774983,560580.7685865219,0.020000000000000004,378.0,,,,,,,,,,,,0,
20,22,necessity,-272437.4053311614,1010.0,2162.47469894848,21555.665211241878,0.1,23.0,158.0,,,3782.0,517335.9650698051,789773.3704009665,0.035,378.0,,,,,,,,,,,,0,
21,22,necessity,-228991.0427318681,1230.0,1524.7848256418001,14855.260975385212,0.1,22.0,281.0,,,3782.0,341671.00243385986,570662.045165728,0.01,378.0,,,,,,,,,,,,0,
22,22,necessity,86995.09265406255,1327.0,912.3918964878418,19475.66072751572,0.1,23.0,568.0,,,3782.0,428464.5360053458,341469.44335128326,0.01,378.0,,,,,,,,,,,,0,
23,22,necessity,-66215.53448480001,1137.0,1561.6366969448582,22532.112921960615,0.1,24.0,366.0,,,3782.0,518238.5972050941,584454.1316898941,0.01,378.0,,,,,,,,,,,,0,
24,22,necessity,-274411.4483199931,1149.0,2260.3973067074917,23814.959628409084,0.1,25.0,202.0,,,3782.0,571559.031081818,845970.4794018111,0.01,378.0,,,,,,,,,,,,0,
25,22,necessity,-778782.2316008059,1325.0,3300.8897066941445,18264.010238196533,0.1,24.0,189.0,,,3782.0,456600.25595491333,1235382.4875557192,0.01,378.0,,,,,,,,,,,,0,
26,22,necessity,-222102.3248366178,1514.0,2260.3973067074917,25994.506440216388,0.1,25.0,253.0,,,3782.0,623868.1545651933,845970.4794018111,0.01,378.0,,,,,,,,,,,,0,
27,22,necessity,-653242.3051463712,1639.0,3273.4763193315453,22875.220743879814,0.1,24.0,244.0,,,3782.0,571880.5185969954,1225122.8237433666,0.01,378.0,,,,,,,,,,,,0,
28,22,necessity,-47242.25748491415,1773.0,2260.3973067074917,33280.34257987071,0.1,25.0,176.0,,,3782.0,798728.221916897,845970.4794018111,0.01,378.0,,,,,,,,,,,,0,
29,22,necessity,-901952.4729681064,1975.0,3472.963543558592,15913.19703922074,0.1,24.0,204.0,,,3782.0,397829.9259805185,1299782.398948625,0.01,378.0,,,,,,,,,,,,0,
30,22,necessity,-137485.91651585838,2149.0,2260.3973067074917,29520.190120248033,0.1,25.0,139.0,,,3782.0,708484.5628859528,845970.4794018111,0.01,378.0,,,,,,,,,,,,0,
31,22,necessity,-902511.0968879799,2388.0,3250.987784377081,12567.809025293654,0.1,24.0,33.0,,,3782.0,314195.22563234135,1216706.3225203212,0.01,378.0,,,,,,,,,,,,0,
32,22,necessity,-738687.8825173675,2733.0,2260.3973067074917,4470.108203518486,0.1,23.0,277.0,,,3782.0,107282.59688444367,845970.4794018111,0.01,378.0,,,,,,,,,,,,0,
33,22,necessity,23144.262894774787,2834.0,1611.152506250476,27223.045824259792,0.1,24.0,52.0,,,3782.0,626130.0539579752,602985.7910632004,0.01,378.0,,,,,,,,,,,,0,
34,22,necessity,-759966.6921347913,3160.0,2254.455255105712,3490.830430209365,0.1,23.0,253.0,,,3782.0,83779.93032502476,843746.622459816,0.01,378.0,,,,,,,,,,,,0,
35,22,necessity,-32608.611521455343,3285.0,1611.152506250476,24799.00780616283,0.1,24.0,568.0,,,3782.0,570377.1795417451,602985.7910632004,0.01,378.0,,,,,,,,,,,,0,
36,22,necessity,75714.80069616402,3095.0,2276.2045400773927,38130.6093145946,0.1,25.0,226.0,,,3782.0,915134.6235502705,839419.8228541064,0.025,378.0,,,,,,,,,,,,0,
37,22,necessity,-694327.8451453617,3247.0,3261.7065327121777,20576.88904229963,0.1,24.0,149.0,,,3782.0,514422.22605749074,1208750.0712028525,0.020000000000000004,378.0,,,,,,,,,,,,0,
38,22,necessity,-353425.54947999195,3476.0,2242.894229734797,20249.761390588104,0.1,23.0,204.0,,,3782.0,485994.2733741145,839419.8228541064,0.01,378.0,,,,,,,,,,,,0,
39,22,necessity,-145435.3681973018,3650.0,1611.152506250476,19893.496646343418,0.1,22.0,603.0,,,3782.0,457550.42286589864,602985.7910632004,0.01,378.0,,,,,,,,,,,,0,
40,22,necessity,630055.5179177539,3425.0,912.3918964878418,44160.22551222896,0.1,23.0,725.0,,,3782.0,971524.9612690371,341469.44335128326,0.01,378.0,,,,,,,,,,,,0,
10,49,luxury,753716.0818751572,253.0,19830.898577155695,141193.31579091746,0.1,11.0,122.0,,,390.0,1411933.1579091747,658217.0760340175,0.17500000000000002,39.0,,,,,,,,,,,,0,
11,49,luxury,1327196.0893703236,170.0,34165.42771863157,219942.69331027224,0.1,12.0,75.0,,,390.0,2419369.6264129947,1092173.537042671,0.22000000000000003,39.0,,,,,,,,,,,,0,
12,49,luxury,409600.5623662444,134.0,68724.2062655652,213533.9232414473,0.1,11.0,24.0,,,390.0,2562407.0788973677,2152806.5165311233,0.24500000000000002,39.0,,,,,,,,,,,,0,
13,49,luxury,557207.4133308937,149.0,33885.38322913458,149943.72276123316,0.1,10.0,21.0,,,390.0,1649380.9503735648,1092173.537042671,0.21000000000000002,39.0,,,,,,,,,,,,0,
14,49,luxury,275974.82124519546,167.0,12901.000994447631,71159.30478118263,0.1,9.0,131.0,,,390.0,711593.0478118262,435618.22656663076,0.15500000000000003,39.0,,,,,,,,,,,,0,
15,49,luxury,210146.36471466278,75.0,44206.8130171341,187781.23669695997,0.1,10.0,53.0,,,390.0,1690031.1302726397,1479884.765557977,0.16500000000000004,39.0,,,,,,,,,,,,0,
32,49,luxury,-901531.962807431,298.0,72911.10822605858,84981.19306150873,0.1,11.0,24.0,,,390.0,1019774.3167381048,1921306.2795455358,0.48,39.0,,,,,,,,,,,,0,
33,49,luxury,493787.58682393795,313.0,45895.19344133073,159078.7815841278,0.1,12.0,12.0,,,390.0,1749866.5974254059,1256079.010601468,0.425,39.0,,,,,,,,,,,,0,
34,49,luxury,-1794362.6102621537,340.0,81477.3615585614,45895.193441330724,0.1,11.0,20.0,,,390.0,550742.3212959687,2345104.9315581224,0.355,39.0,,,,,,,,,,,,0,
35,49,luxury,373468.2205697601,359.0,41869.29927981049,148140.65737920254,0.1,12.0,55.0,,,390.0,1629547.231171228,1256079.010601468,0.3,39.0,,,,,,,,,,,,0,
36,49,luxury,-96732.49403474666,343.0,79677.1625974958,191900.95503246473,0.1,13.0,12.0,,,390.0,2302811.460389577,2399543.9544243235,0.295,39.0,,,,,,,,,,,,0,
37,49,luxury,-2110552.0419869754,370.0,99077.28646924204,73548.15008999612,0.1,12.0,18.0,,,390.0,956125.9511699496,3066677.993156925,0.26,39.0,,,,,,,,,,,,0,
38,49,luxury,-139821.89288771246,391.0,60408.613462195426,148615.92970386308,0.1,13.0,29.0,,,390.0,1783391.1564463568,1923213.0493340692,0.225,39.0,,,,,,,,,,,,0,
39,49,luxury,-1256284.6040840284,401.0,93329.29548720043,134757.6761848975,0.1,12.0,13.0,,,390.0,1751849.7904036674,3008134.394487696,0.21000000000000002,39.0,,,,,,,,,,,,0,
40,49,luxury,-709932.2080004637,427.0,56956.692692927114,101106.73677780047,0.1,11.0,31.0,,,390.0,1213280.8413336056,1923213.0493340692,0.15500000000000003,39.0,,,,,,,,,,,,0,
11,5,necessity,-325833.9532693255,5685.0,1175.6336570959472,2349.917229845008,0.1,111.0,462.0,,,5023.0,258490.8952829509,584324.8485522764,0.01,502.0,,,,,,,,,,,,0,
12,5,necessity,-290142.1556361726,5725.0,1676.529387629713,4893.177924129078,0.1,112.0,428.0,,,5023.0,543142.7495783276,833284.9052145003,0.01,502.0,,,,,,,,,,,,0,
13,5,necessity,-378327.22558492457,5799.0,2204.8617914750685,6406.737302727832,0.1,113.0,169.0,,,5023.0,717554.5779055172,1095881.8034904418,0.01,502.0,,,,,,,,,,,,0,
14,5,necessity,-1197695.6666183644,6132.0,3159.403345243076,3297.536661586607,0.1,112.0,99.0,,,5023.0,372621.64275928657,1570317.309377651,0.01,502.0,,,,,,,,,,,,0,
15,5,necessity,-783100.8723113772,6535.0,2204.8617914750685,2792.6868855273615,0.1,111.0,351.0,,,5023.0,312780.9311790645,1095881.8034904418,0.01,502.0,,,,,,,,,,,,0,
16,5,necessity,-73015.25802046875,6686.0,1703.9660609413027,6972.13052979954,0.1,112.0,535.0,,,5023.0,773906.488807749,846921.7468282178,0.01,502.0,,,,,,,,,,,,0,
17,5,necessity,-192347.15988038655,6653.0,2221.1328491786667,8139.480737532116,0.1,113.0,156.0,,,5023.0,911621.842603597,1103969.0024839835,0.01,502.0,,,,,,,,,,,,0,
18,5,necessity,-1230311.121061773,6999.0,3172.4619936584054,3066.342694441345,0.1,112.0,135.0,,,5023.0,346496.724471872,1576807.845533645,0.01,502.0,,,,,,,,,,,,0,
19,5,necessity,-675686.6333400988,7366.0,2221.1328491786667,3823.949724498971,0.1,113.0,104.0,,,5023.0,428282.36914388475,1103969.0024839835,0.01,502.0,,,,,,,,,,,,0,
20,5,necessity,-1319475.0756546122,7764.0,3119.4773262338804,2044.2284629608969,0.1,112.0,27.0,,,5023.0,230997.81631458135,1550472.8919691935,0.01,502.0,,,,,,,,,,,,0,
21,5,necessity,-1019743.1146756688,8239.0,2221.1328491786667,752.0168554313819,0.1,111.0,208.0,,,5023.0,84225.88780831477,1103969.0024839835,0.01,502.0,,,,,,,,,,,,0,
22,5,necessity,-384926.11419905507,8533.0,1703.9660609413027,4162.122816478944,0.1,112.0,585.0,,,5023.0,461995.6326291627,846921.7468282178,0.01,502.0,,,,,,,,,,,,0,
23,5,necessity,-105815.85384499957,8450.0,2218.4509109007317,8900.179871880911,0.1,113.0,429.0,,,5023.0,996820.145650662,1102635.9994956616,0.01,502.0,,,,,,,,,,,,0,
24,5,necessity,-570770.7572655344,8523.0,3063.169436173702,8422.260537844371,0.1,112.0,541.0,,,5023.0,951715.4407764139,1522486.1980419483,0.01,502.0,,,,,,,,,,,,0,
25,5,necessity,554538.665474311,8484.0,2218.4509109007317,14796.202365803327,0.1,113.0,286.0,,,5023.0,1657174.6649699726,1102635.9994956616,0.01,502.0,,,,,,,,,,,,0,
26,5,necessity,-877883.715913133,8700.0,3042.79737082122,5614.840358562914,0.1,112.0,270.0,,,5023.0,634476.9605176093,1512360.6764307423,0.01,502.0,,,,,,,,,,,,0,
27,5,necessity,-281080.7093739322,8932.0,2218.4509109007317,7335.315090372584,0.1,113.0,143.0,,,5023.0,821555.2901217294,1102635.9994956616,0.01,502.0,,,,,,,,,,,,0,
28,5,necessity,-1198363.2280061436,9291.0,3049.318171908924,2807.420179281457,0.1,112.0,271.0,,,5023.0,317238.48025880463,1515601.7082649483,0.01,502.0,,,,,,,,,,,,0,
29,5,necessity,-276270.7749083432,9522.0,2218.4509109007317,7378.2609338153425,0.1,113.0,351.0,,,5023.0,826365.2245873184,1102635.9994956616,0.01,502.0,,,,,,,,,,,,0,
30,5,necessity,-760746.5104065639,9673.0,3097.245029555384,6890.940440054485,0.1,112.0,127.0,,,5023.0,778676.2697261568,1539422.7801327207,0.01,502.0,,,,,,,,,,,,0,
31,5,necessity,-709285.8807421278,10048.0,2218.4509109007317,3512.05463172798,0.1,111.0,273.0,,,5023.0,393350.11875353375,1102635.9994956616,0.01,502.0,,,,,,,,,,,,0,
32,5,necessity,-241284.64815231797,10277.0,1703.9660609413027,5456.190078161259,0.1,112.0,368.0,,,5023.0,605637.0986758998,846921.7468282178,0.01,502.0,,,,,,,,,,,,0,
33,5,necessity,-513403.61536909675,10411.0,2294.557280396203,5598.745628807138,0.1,113.0,137.0,,,5023.0,627059.5104263994,1140463.1257954962,0.01,502.0,,,,,,,,,,,,0,
34,5,necessity,-1230616.5131212508,10776.0,3108.4075020567298,2781.896879772388,0.1,112.0,210.0,,,5023.0,314354.3474142798,1544970.8605355306,0.01,502.0,,,,,,,,,,,,0,
35,5,necessity,-487697.5503635829,11068.0,2294.557280396203,5828.264066356368,0.1,113.0,372.0,,,5023.0,652765.5754319133,1140463.1257954962,0.01,502.0,,,,,,,,,,,,0,
36,5,necessity,-761863.0098505472,11198.0,3250.184657548465,7553.763790330864,0.1,114.0,139.0,,,5023.0,853575.3083073876,1615438.3181579348,0.01,502.0,,,,,,,,,,,,0,
37,5,necessity,-1353386.1850258852,11561.0,3631.8993372858044,3962.944450870497,0.1,113.0,194.0,,,5023.0,451775.66739923664,1805161.852425122,0.01,502.0,,,,,,,,,,,,0,
38,5,necessity,-625598.188629237,11869.0,2676.271960133542,6235.296207375629,0.1,114.0,297.0,,,5023.0,704588.471433446,1330186.660062683,0.01,502.0,,,,,,,,,,,,0,
39,5,necessity,-958427.038721213,12074.0,3527.5151503230454,6972.392738242649,0.1,115.0,128.0,,,5023.0,794852.772159662,1753279.810880875,0.01,502.0,,,,,,,,,,,,0,
40,5,necessity,-1595040.228894175,12448.0,4117.585230476683,3926.277732533477,0.1,114.0,315.0,,,5023.0,451521.9392413498,2046562.168135525,0.01,502.0,,,,,,,,,,,,0,
