data/saved_data/run_2025_05_03_1650_average_demand_print/firm_data.csv
Step,AgentID,FirmType,Profit,Inventory,ProductPrice,RevenuePerEmployee,ProductionLevel,NumEmployees,DemandReceived,InventoryDemandRatio,SellThroughRate,ProductionCapacity,Revenue,Costs,Markup,ProducedUnits,IncomeBracket,NumPeople,SpendRatio,PostTaxIncome,HouseholdExpense,HouseholdSavings,HealthLevel,Welfare,SkillLevel,SkillType,JobLevel,IsEmployed,Wage
12,8,necessity,-63860.89915027376,6493.0,1029.2772381623429,10506.234676773549,0.1,75.0,784.0,,,8456.0,777461.3660812426,841322.2652315163,0.035,846.0,,,,,,,,,,,,0,
13,8,necessity,-312417.4116541927,6555.0,1349.5959578621075,10759.37806292369,0.1,76.0,551.0,,,8456.0,806953.3547192768,1119370.7663734695,0.020000000000000004,846.0,,,,,,,,,,,,0,
14,8,necessity,-789444.2263765696,6850.0,1830.262781702026,9784.57069450028,0.1,75.0,281.0,,,8456.0,743627.3727820213,1533071.599158591,0.01,846.0,,,,,,,,,,,,0,
15,8,necessity,-605066.9247152002,7415.0,1336.3646249418907,6857.38455544359,0.1,74.0,301.0,,,8456.0,514303.8416582693,1119370.7663734695,0.01,846.0,,,,,,,,,,,,0,
16,8,necessity,-446795.5024578373,7960.0,1013.630810989798,5435.753406858232,0.1,73.0,708.0,,,8456.0,402245.7521075091,849041.2545653464,0.01,846.0,,,,,,,,,,,,0,
17,8,necessity,146657.86075738387,8098.0,681.6816551725123,9830.83033124352,0.1,74.0,717.0,,,8456.0,717650.614180777,570992.7534233931,0.01,846.0,,,,,,,,,,,,0,
18,8,necessity,-351786.89644691616,8227.0,1003.4966532318757,6604.942523766098,0.1,73.0,659.0,,,8456.0,488765.74675869127,840552.6432056074,0.01,846.0,,,,,,,,,,,,0,
19,8,necessity,90311.54105641297,8414.0,681.6816551725123,9058.962938079536,0.1,74.0,1097.0,,,8456.0,661304.2944798061,570992.7534233931,0.01,846.0,,,,,,,,,,,,0,
20,8,necessity,-101377.44594971056,8163.0,1013.7991050554338,10105.469942219539,0.1,75.0,595.0,,,8456.0,747804.7757242459,849182.2216739565,0.010000000000000004,846.0,,,,,,,,,,,,0,
21,8,necessity,-540170.5858518421,8414.0,1365.029388331435,8042.806233439775,0.1,74.0,399.0,,,8456.0,603210.4675079831,1143381.0533598252,0.01,846.0,,,,,,,,,,,,0,
22,8,necessity,-320544.85916501924,8861.0,1032.9119384485136,7360.090891138413,0.1,73.0,302.0,,,8456.0,544646.7259442426,865191.5851092618,0.01,846.0,,,,,,,,,,,,0,
23,8,necessity,-259053.348011942,9405.0,681.6816551725123,4273.142539882892,0.1,72.0,1182.0,,,8456.0,311939.4054114511,570992.7534233931,0.01,846.0,,,,,,,,,,,,0,
24,8,necessity,409579.75145906897,9069.0,472.9664824248492,11190.940505748742,0.1,73.0,1586.0,,,8456.0,805747.7164139095,396167.9649548405,0.01,846.0,,,,,,,,,,,,0,
25,8,necessity,116380.70421723532,8329.0,756.5976093629594,10275.682755148093,0.1,72.0,1026.0,,,8456.0,750124.8411258108,633744.1369085754,0.01,846.0,,,,,,,,,,,,0,
26,8,necessity,380101.18225155585,8149.0,479.9907371143271,10781.515933422172,0.1,73.0,1860.0,,,8456.0,776269.1472063963,396167.9649548405,0.025,846.0,,,,,,,,,,,,0,
27,8,necessity,226291.87101038138,7135.0,795.6924447125264,12229.900973049978,0.1,74.0,796.0,,,8456.0,892782.7710326484,666490.900022267,0.010000000000000004,846.0,,,,,,,,,,,,0,
28,8,necessity,-424730.5629695313,7185.0,1281.9790678519391,8559.07008096177,0.1,73.0,404.0,,,8456.0,633371.1859911709,1058101.7489607022,0.02500000000000001,846.0,,,,,,,,,,,,0,
29,8,necessity,-148571.3566100836,7627.0,795.6924447125264,7094.788265920321,0.1,72.0,975.0,,,8456.0,517919.5434121834,666490.900022267,0.01,846.0,,,,,,,,,,,,0,
30,8,necessity,379632.1686398727,7498.0,472.9664824248492,10775.001855482127,0.1,73.0,732.0,,,8456.0,775800.1335947132,396167.9649548405,0.01,846.0,,,,,,,,,,,,0,
31,8,necessity,-299265.7954585585,7612.0,770.6052392776339,4742.62281006835,0.1,72.0,595.0,,,8456.0,346211.4651349896,645477.2605935481,0.01,846.0,,,,,,,,,,,,0,
32,8,necessity,62342.15241535171,7863.0,472.9664824248492,6368.196074586002,0.1,73.0,915.0,,,8456.0,458510.1173701922,396167.9649548405,0.01,846.0,,,,,,,,,,,,0,
33,8,necessity,-292281.0587124882,7794.0,865.5979233651767,5928.278512585439,0.1,72.0,830.0,,,8456.0,432764.331418737,725045.3901312252,0.010000000000000004,846.0,,,,,,,,,,,,0,
34,8,necessity,322278.3114382562,7810.0,475.3079006546751,9978.420505459675,0.1,73.0,2425.0,,,8456.0,718446.2763930967,396167.9649548405,0.015000000000000006,846.0,,,,,,,,,,,,0,
35,8,necessity,509095.1643354611,6231.0,768.2763107935828,15789.337795720372,0.1,74.0,1085.0,,,8456.0,1152621.6590875871,643526.494752126,0.01,846.0,,,,,,,,,,,,0,
36,8,necessity,-254646.6058336047,5992.0,1318.4776144234993,11264.591854203207,0.1,73.0,565.0,,,8456.0,833579.7972110373,1088226.403044642,0.025,846.0,,,,,,,,,,,,0,
37,8,necessity,101413.35739715106,6273.0,768.2763107935828,10204.655508894208,0.1,72.0,112.0,,,8456.0,744939.8521492771,643526.494752126,0.01,846.0,,,,,,,,,,,,0,
38,8,necessity,-310121.01814595924,7007.0,472.9664824248492,1195.0964834566844,0.1,71.0,1952.0,,,8456.0,86046.94680888127,396167.9649548405,0.01,846.0,,,,,,,,,,,,0,
39,8,necessity,721063.3948015505,5901.0,241.3579792426887,13003.247516807121,0.1,72.0,4783.0,,,8456.0,923230.5736933056,202167.1788917551,0.01,846.0,,,,,,,,,,,,0,
40,8,necessity,713451.1935184747,1964.0,549.9019406801007,16033.544648858056,0.1,73.0,682.0,,,8456.0,1154415.21471778,440964.0211993053,0.055000000000000014,846.0,,,,,,,,,,,,0,
12,11,necessity,-525742.5357491504,8293.0,1225.0869732860813,6625.0550547585635,0.1,60.0,280.0,,,7785.0,404128.3583402724,929870.8940894228,0.025,778.0,,,,,,,,,,,,0,
13,11,necessity,-303879.30828938575,8791.0,839.810663981713,5717.0725420017125,0.1,59.0,1504.0,,,7785.0,343024.35252010275,646903.6608094885,0.01,778.0,,,,,,,,,,,,0,
14,11,necessity,813435.8264088982,8065.0,583.7221153702726,21408.054892008415,0.1,60.0,1182.0,,,7785.0,1263075.2386284964,449639.41221959825,0.01,778.0,,,,,,,,,,,,0,
15,11,necessity,-21228.430911315256,7661.0,923.2645887769958,11499.32567279437,0.1,59.0,591.0,,,7785.0,689959.5403676622,711187.9712789775,0.01,778.0,,,,,,,,,,,,0,
16,11,necessity,96009.95974760625,7848.0,583.7221153702726,9248.29444012211,0.1,58.0,789.0,,,7785.0,545649.3719672045,449639.41221959825,0.01,778.0,,,,,,,,,,,,0,
17,11,necessity,213900.55922313157,7837.0,320.2091920075122,7940.633603916294,0.1,57.0,900.0,,,7785.0,460556.7490271451,246656.18980401353,0.01,778.0,,,,,,,,,,,,0,
18,11,necessity,-3776551.3056317405,7715.0,5276.847003786683,5055.934610644929,0.1,56.0,181.0,,,7785.0,288188.272806761,4064739.5784385013,0.01,778.0,,,,,,,,,,,,0,
19,11,necessity,-3038357.2707531117,8312.0,5184.320358661396,17055.523351524815,0.1,57.0,118.0,,,7785.0,955109.3076853895,3993466.5784385013,0.01,778.0,,,,,,,,,,,,0,
20,11,necessity,435122.04612211353,8972.0,229.29824361520858,10732.452672316575,0.1,56.0,3898.0,,,7785.0,611749.8023220447,176627.7561999312,0.01,778.0,,,,,,,,,,,,0,
21,11,necessity,-3099662.024826418,5852.0,5184.320358661396,15960.79560021577,0.1,57.0,97.0,,,7785.0,893804.5536120831,3993466.5784385013,0.01,778.0,,,,,,,,,,,,0,
22,11,necessity,312322.93369522574,6533.0,247.3800800237775,8822.439908599219,0.1,56.0,3379.0,,,7785.0,502879.07479015546,190556.14109492968,0.01,778.0,,,,,,,,,,,,0,
23,11,necessity,-3157569.288038157,3932.0,5261.315215473199,14926.737328577574,0.1,57.0,125.0,,,7785.0,835897.2904003442,3993466.5784385013,0.025,778.0,,,,,,,,,,,,0,
24,11,necessity,396911.98211430805,4585.0,338.508925037958,11537.971963757016,0.1,56.0,1021.0,,,7785.0,657664.4019341499,260752.41981984186,0.01,778.0,,,,,,,,,,,,0,
25,11,necessity,-3647848.9659747463,4342.0,5184.320358661396,6171.743079709913,0.1,55.0,167.0,,,7785.0,345617.6124637551,3993466.5784385013,0.01,778.0,,,,,,,,,,,,0,
26,11,necessity,-3056412.078542048,4953.0,5091.793713536109,15741.481816299149,0.1,56.0,110.0,,,7785.0,865781.4998964532,3922193.5784385013,0.01,778.0,,,,,,,,,,,,0,
27,11,necessity,383790.28289747477,5621.0,228.88187097497473,10001.737651588786,0.1,55.0,2016.0,,,7785.0,560097.308488972,176307.02559149725,0.01,778.0,,,,,,,,,,,,0,
28,11,necessity,-3460767.726552952,4383.0,5091.793713536109,8389.560943373619,0.1,54.0,104.0,,,7785.0,461425.8518855491,3922193.5784385013,0.01,778.0,,,,,,,,,,,,0,
29,11,necessity,-3321374.032230746,5057.0,4999.267068410822,9806.41752236584,0.1,55.0,96.0,,,7785.0,529546.5462077553,3850920.5784385013,0.01,778.0,,,,,,,,,,,,0,
30,11,necessity,261177.78776362533,5739.0,283.98376481731094,8725.993428498889,0.1,54.0,1523.0,,,7785.0,479929.6385674389,218751.85080381355,0.01,778.0,,,,,,,,,,,,0,
31,11,necessity,-3418413.3046217365,4994.0,4999.267068410822,8009.393959569715,0.1,53.0,175.0,,,7785.0,432507.2738167646,3850920.5784385013,0.01,778.0,,,,,,,,,,,,0,
32,11,necessity,-2904775.8414666075,5597.0,4906.740423285534,16507.013905130072,0.1,54.0,74.0,,,7785.0,874871.7369718938,3779647.5784385013,0.01,778.0,,,,,,,,,,,,0,
33,11,necessity,183532.01066534052,6301.0,233.113686672562,6724.051691169066,0.1,53.0,2472.0,,,7785.0,363098.79132312955,179566.78065778903,0.01,778.0,,,,,,,,,,,,0,
34,11,necessity,-3203390.544983928,4607.0,4906.740423285534,10872.774216124024,0.1,54.0,17.0,,,7785.0,576257.0334545732,3779647.5784385013,0.01,778.0,,,,,,,,,,,,0,
35,11,necessity,-170281.8323812049,5368.0,329.3488219067876,1544.7145777010014,0.1,53.0,1051.0,,,7785.0,83414.58719585408,253696.419577059,0.01,778.0,,,,,,,,,,,,0,
36,11,necessity,-3433501.9666144676,5095.0,4906.740423285534,6531.049279698749,0.1,54.0,247.0,,,7785.0,346145.6118240337,3779647.5784385013,0.01,778.0,,,,,,,,,,,,0,
37,11,necessity,1026656.4905786077,5626.0,240.56745202066983,22443.794158361612,0.1,55.0,3240.0,,,7785.0,1211964.884551527,185308.39397291938,0.01,778.0,,,,,,,,,,,,0,
38,11,necessity,332497.7347209344,3164.0,580.2187883599968,14171.609900854006,0.1,54.0,1589.0,,,7785.0,779438.5445469703,446940.80982603587,0.01,778.0,,,,,,,,,,,,0,
39,11,necessity,736659.2607311155,2353.0,251.28580384337295,17073.475087111758,0.1,55.0,1836.0,,,7785.0,921967.6547040349,185308.39397291938,0.055,778.0,,,,,,,,,,,,0,
12,18,necessity,128460.35687902512,3769.0,901.7504011130466,9595.629343308974,0.1,49.0,864.0,,,3716.0,460590.20847883075,332129.85159980564,0.01,372.0,,,,,,,,,,,,0,
13,18,necessity,211510.06522884453,3277.0,1541.0707059276488,15900.251970646374,0.1,50.0,445.0,,,3716.0,779112.3465616723,567602.2813328278,0.01,372.0,,,,,,,,,,,,0,
14,18,necessity,-105155.3516255361,3204.0,2147.4223972407276,13715.529282756073,0.1,49.0,358.0,,,3716.0,685776.4641378036,790931.8157633397,0.01,372.0,,,,,,,,,,,,0,
15,18,necessity,201174.93687935278,3218.0,1541.0707059276488,15689.330983922051,0.1,50.0,482.0,,,3716.0,768777.2182121805,567602.2813328278,0.01,372.0,,,,,,,,,,,,0,
16,18,necessity,-76611.8427783593,3108.0,2224.7365592502806,14855.921605142534,0.1,49.0,216.0,,,3716.0,742796.0802571267,819407.923035486,0.01,372.0,,,,,,,,,,,,0,
17,18,necessity,-103392.39650440327,3264.0,1585.4162544356782,9807.001975470625,0.1,48.0,235.0,,,3716.0,480543.09679806064,583935.4933024639,0.01,372.0,,,,,,,,,,,,0,
18,18,necessity,40442.96819257876,3401.0,901.7504011130466,7761.933745674675,0.1,47.0,768.0,,,3716.0,372572.8197923844,332129.85159980564,0.01,372.0,,,,,,,,,,,,0,
19,18,necessity,515587.58453877683,3005.0,480.4470168568717,14734.985277762122,0.1,48.0,960.0,,,3716.0,692544.3080548197,176956.72351604287,0.01,372.0,,,,,,,,,,,,0,
20,18,necessity,30053.78220631549,2417.0,1188.0503673054786,9608.940337137434,0.1,47.0,459.0,,,3716.0,461229.13618259685,431175.35397628136,0.025,372.0,,,,,,,,,,,,0,
21,18,necessity,368358.3950771718,2330.0,494.71772032786794,11602.449331770526,0.1,48.0,581.0,,,3716.0,545315.1185932147,176956.72351604287,0.04000000000000001,372.0,,,,,,,,,,,,0,
22,18,necessity,-169472.31726044178,2121.0,1258.9405761593164,5988.145739801901,0.1,47.0,228.0,,,3716.0,287430.99551049125,456903.31277093303,0.02500000000000001,372.0,,,,,,,,,,,,0,
23,18,necessity,110081.72784828127,2265.0,480.4470168568717,6107.20109285796,0.1,48.0,1740.0,,,3716.0,287038.45136432414,176956.72351604287,0.010000000000000009,372.0,,,,,,,,,,,,0,
24,18,necessity,410595.9850445121,897.0,1154.9345198235876,17416.2043610616,0.1,49.0,325.0,,,3716.0,835977.8093309568,425381.8242864447,0.01,372.0,,,,,,,,,,,,0,
27,18,necessity,51834.01344525904,1280.0,480.4470168568717,4867.8880204532325,0.1,46.0,240.0,,,3716.0,228790.7369613019,176956.72351604287,0.01,372.0,,,,,,,,,,,,0,
28,18,necessity,-2720641.618727166,1412.0,7699.753720701048,2506.680087948896,0.1,45.0,50.0,,,3716.0,115307.28404564921,2835948.9027728154,0.01,372.0,,,,,,,,,,,,0,
29,18,necessity,-2389334.216737763,1734.0,7532.433102871265,8555.281911890053,0.1,46.0,63.0,,,3716.0,384987.6860350524,2774321.9027728154,0.01,372.0,,,,,,,,,,,,0,
30,18,necessity,264321.8595921777,2043.0,570.7624719807438,10316.15838001934,0.1,47.0,1009.0,,,3716.0,474543.28548088967,210221.42588871202,0.01,372.0,,,,,,,,,,,,0,
31,18,necessity,124866.82538139255,1406.0,1254.888831725646,12253.17732401214,0.1,48.0,529.0,,,3716.0,575899.3342285706,451032.508847178,0.034999999999999996,372.0,,,,,,,,,,,,0,
32,18,necessity,59872.008549344726,1249.0,1704.7376099474745,13829.920666309723,0.1,49.0,301.0,,,3716.0,663836.1919828667,603964.183433522,0.05,372.0,,,,,,,,,,,,0,
33,18,necessity,-352265.1845774997,1320.0,2361.2152443227137,10471.959603963058,0.1,48.0,448.0,,,3716.0,513126.0205941898,865391.2051716895,0.015000000000000006,372.0,,,,,,,,,,,,0,
34,18,necessity,433244.3072433523,1244.0,1695.768606826847,22038.008947011996,0.1,49.0,204.0,,,3716.0,1057824.4294565758,624580.1222132235,0.01,372.0,,,,,,,,,,,,0,
35,18,necessity,-531930.3372675555,1412.0,2383.456457009081,7059.934608013812,0.1,48.0,240.0,,,3716.0,345936.7957926768,877867.1330602323,0.01,372.0,,,,,,,,,,,,0,
36,18,necessity,-52550.57253104402,1544.0,1695.768606826847,11917.282285045405,0.1,49.0,374.0,,,3716.0,572029.5496821795,624580.1222132235,0.01,372.0,,,,,,,,,,,,0,
37,18,necessity,-243556.2359624476,1542.0,2383.20276742377,12943.213448025323,0.1,50.0,312.0,,,3716.0,634217.4589532408,877773.6949156884,0.01,372.0,,,,,,,,,,,,0,
38,18,necessity,-596518.2456847444,1602.0,3638.38247466072,14871.185268724326,0.1,51.0,285.0,,,3716.0,743559.2634362163,1340077.5091209607,0.01,372.0,,,,,,,,,,,,0,
39,18,necessity,-467436.9969445489,1689.0,4084.46171548554,20332.137358398144,0.1,52.0,210.0,,,3716.0,1036939.0052783053,1504376.0022228542,0.01,372.0,,,,,,,,,,,,0,
40,18,necessity,-905967.3211903548,1851.0,4788.551934054272,16494.941543306988,0.1,51.0,150.0,,,3716.0,857736.9602519633,1763704.281442318,0.01,372.0,,,,,,,,,,,,0,
