data/saved_data/run_2025_05_03_1650_average_demand_print/firm_data.csv
Step,AgentID,FirmType,Profit,Inventory,ProductPrice,RevenuePerEmployee,ProductionLevel,NumEmployees,DemandReceived,InventoryDemandRatio,SellThroughRate,ProductionCapacity,Revenue,Costs,Markup,ProducedUnits,IncomeBracket,NumPeople,SpendRatio,PostTaxIncome,HouseholdExpense,HouseholdSavings,HealthLevel,Welfare,SkillLevel,SkillType,JobLevel,IsEmployed,Wage
12,20,necessity,357082.70367248013,999.0,730.7230922720546,20940.3962672755,0.1,34.0,1025.0,,,5046.0,691033.0768200916,333950.37314761145,0.10500000000000004,505.0,,,,,,,,,,,,0,
18,20,necessity,415913.0897359421,702.0,1856.6809822550063,36017.69440160502,0.1,36.0,200.0,,,5046.0,1260619.3040561755,844706.2143202334,0.11000000000000004,505.0,,,,,,,,,,,,0,
19,20,necessity,-847865.8258530451,1007.0,2595.331032438651,10314.894345861147,0.1,35.0,242.0,,,5046.0,371336.1964510013,1219202.0223040464,0.07500000000000004,505.0,,,,,,,,,,,,0,
20,20,necessity,-216636.10447007988,1270.0,1739.5929923830688,17944.86028143296,0.1,36.0,280.0,,,5046.0,628070.1098501536,844706.2143202334,0.04000000000000004,505.0,,,,,,,,,,,,0,
21,20,necessity,-767027.9577785167,1495.0,2520.6449565540947,13530.16771853498,0.1,35.0,146.0,,,5046.0,487086.0378672593,1254113.995645776,0.015000000000000041,505.0,,,,,,,,,,,,0,
22,20,necessity,-476692.0506633356,1854.0,1689.4124252950958,10514.690390197082,0.1,34.0,357.0,,,5046.0,368014.16365689784,844706.2143202334,0.01,505.0,,,,,,,,,,,,0,
23,20,necessity,-22703.20633097249,2002.0,1251.6468818441347,17738.830465598505,0.1,35.0,506.0,,,5046.0,603120.2358303491,625823.4421613216,0.01,505.0,,,,,,,,,,,,0,
24,20,necessity,-217515.08486337878,2001.0,1726.9695356959487,18095.23777751806,0.1,36.0,365.0,,,5046.0,633333.3222131322,850848.407076511,0.025,505.0,,,,,,,,,,,,0,
25,20,necessity,-630519.955218027,2141.0,2546.695267158998,17509.552236917258,0.1,35.0,189.0,,,5046.0,630343.8805290213,1260863.8357470483,0.020000000000000004,505.0,,,,,,,,,,,,0,
26,20,necessity,-369523.00158346037,2457.0,1701.6968107833252,13752.154442658588,0.1,34.0,384.0,,,5046.0,481325.4054930506,850848.407076511,0.01,505.0,,,,,,,,,,,,0,
27,20,necessity,27628.133179475204,2578.0,1251.6468818441347,19219.163980611673,0.1,35.0,690.0,,,5046.0,653451.5753407968,625823.4421613216,0.01,505.0,,,,,,,,,,,,0,
28,20,necessity,7728.199197331211,2393.0,1711.8162951605084,24675.324242070084,0.1,36.0,183.0,,,5046.0,863636.348472453,855908.1492751217,0.01,505.0,,,,,,,,,,,,0,
29,20,necessity,-976220.3458550491,2715.0,2578.965450631982,8701.732833732583,0.1,35.0,253.0,,,5046.0,313262.382014373,1289482.7278694222,0.01,505.0,,,,,,,,,,,,0,
30,20,necessity,-203429.89026523032,2967.0,1711.8162951605084,18642.235971711183,0.1,36.0,166.0,,,5046.0,652478.2590098914,855908.1492751217,0.01,505.0,,,,,,,,,,,,0,
31,20,necessity,-1007944.7373966556,3306.0,2584.2124796693474,7893.375138795677,0.1,35.0,143.0,,,5046.0,284161.5049966444,1292106.2423933,0.01,505.0,,,,,,,,,,,,0,
32,20,necessity,-486365.76468240505,3668.0,1711.8162951605084,10558.353845506192,0.1,36.0,486.0,,,5046.0,369542.3845927167,855908.1492751217,0.01,505.0,,,,,,,,,,,,0,
33,20,necessity,-392749.53223303275,3687.0,2449.3844985118135,23109.519984666862,0.1,37.0,279.0,,,5046.0,831942.7194480071,1224692.2516810398,0.01,505.0,,,,,,,,,,,,0,
34,20,necessity,-688850.2003399822,3913.0,2744.4569454149882,18469.683110399892,0.1,36.0,177.0,,,5046.0,683378.275084796,1372228.4754247782,0.01,505.0,,,,,,,,,,,,0,
35,20,necessity,-517675.49368040706,4241.0,2006.888742063683,13493.579981623692,0.1,35.0,170.0,,,5046.0,485768.87933845294,1003444.37301886,0.01,505.0,,,,,,,,,,,,0,
36,20,necessity,-432188.5797542338,4576.0,1546.7193287473092,9747.74531859503,0.1,34.0,315.0,,,5046.0,341171.0861508261,773359.6659050599,0.01,505.0,,,,,,,,,,,,0,
37,20,necessity,5729.99166405265,4766.0,962.973191875822,14329.899663394188,0.1,35.0,536.0,,,5046.0,487216.5885554024,481486.59689134976,0.01,505.0,,,,,,,,,,,,0,
38,20,necessity,-229471.31977729464,4735.0,1491.2498982925003,14747.246595584016,0.1,36.0,173.0,,,5046.0,516153.63084544055,745624.9506227352,0.01,505.0,,,,,,,,,,,,0,
39,20,necessity,-744461.5120696266,5067.0,2004.8954849783684,7166.284233461181,0.1,35.0,301.0,,,5046.0,257986.23240460255,1002447.7444742292,0.01,505.0,,,,,,,,,,,,0,
40,20,necessity,-142151.40964424633,5271.0,1491.2498982925003,17242.101170813967,0.1,36.0,307.0,,,5046.0,603473.5409784889,745624.9506227352,0.01,505.0,,,,,,,,,,,,0,
12,24,necessity,-410351.1737410605,6743.0,1404.478943306163,12914.21759219389,0.1,39.0,244.0,,,6476.0,490740.26850336784,901091.4422444283,0.01,648.0,,,,,,,,,,,,0,
13,24,necessity,-973926.4400688811,7147.0,2052.1381067990783,8786.996465812917,0.1,38.0,350.0,,,6476.0,342692.8621667038,1316619.302235585,0.01,648.0,,,,,,,,,,,,0,
14,24,necessity,-182843.10486475087,7445.0,1404.478943306163,18901.272036307302,0.1,39.0,266.0,,,6476.0,718248.3373796775,901091.4422444283,0.01,648.0,,,,,,,,,,,,0,
15,24,necessity,-980871.2653542084,7827.0,2111.1223592673796,9579.266638959984,0.1,38.0,108.0,,,6476.0,373591.39891943935,1354462.6642736478,0.01,648.0,,,,,,,,,,,,0,
16,24,necessity,-673090.2274435513,8367.0,1404.478943306163,6000.031968444132,0.1,37.0,408.0,,,6476.0,228001.214800877,901091.4422444283,0.01,648.0,,,,,,,,,,,,0,
17,24,necessity,-86215.06643136032,8607.0,1027.5229923236952,15487.227266727417,0.1,38.0,280.0,,,6476.0,573027.4088689145,659242.4753002748,0.01,648.0,,,,,,,,,,,,0,
18,24,necessity,-637084.8418936778,8975.0,1441.418504784471,7571.222048700913,0.1,37.0,380.0,,,6476.0,287706.4378506347,924791.2797443125,0.01,648.0,,,,,,,,,,,,0,
19,24,necessity,-112674.00891127612,9243.0,1029.3474847335206,14803.757616705378,0.1,38.0,924.0,,,6476.0,547739.031818099,660413.0407293751,0.01,648.0,,,,,,,,,,,,0,
20,24,necessity,27604.791734150378,8967.0,1460.8026077203865,25029.39673404666,0.1,39.0,217.0,,,6476.0,951117.075893773,923512.2841596226,0.025,648.0,,,,,,,,,,,,0,
21,24,necessity,-1010703.7143326653,9398.0,2069.4056434269496,8128.055535264714,0.1,38.0,260.0,,,6476.0,316994.1658753239,1327697.8802079891,0.01,648.0,,,,,,,,,,,,0,
22,24,necessity,-385466.8168686157,9786.0,1439.4250085830151,14159.091244500183,0.1,39.0,560.0,,,6476.0,538045.4672910069,923512.2841596226,0.01,648.0,,,,,,,,,,,,0,
23,24,necessity,-569028.9271622885,9874.0,2143.29938139686,20668.666789909963,0.1,40.0,399.0,,,6476.0,806078.0048064885,1375106.931968777,0.01,648.0,,,,,,,,,,,,0,
24,24,necessity,-691009.8166018695,10123.0,2409.950818004719,21379.41132943368,0.1,41.0,305.0,,,6476.0,855176.4531773472,1546186.2697792167,0.01,648.0,,,,,,,,,,,,0,
25,24,necessity,-1088288.973490635,10466.0,2841.909274490719,17927.68291442535,0.1,40.0,250.0,,,6476.0,735034.9994914393,1823323.9729820741,0.01,648.0,,,,,,,,,,,,0,
26,24,necessity,-661252.0065502401,10864.0,2138.0349016768737,17761.932965566994,0.1,39.0,215.0,,,6476.0,710477.3186226797,1371729.3251729198,0.01,648.0,,,,,,,,,,,,0,
27,24,necessity,-648952.5778821444,11297.0,1727.9573778273789,11786.602663090456,0.1,38.0,297.0,,,6476.0,459677.5038605278,1108630.0817426722,0.01,648.0,,,,,,,,,,,,0,
28,24,necessity,-329877.9360839029,11648.0,1314.0618653666033,13505.351084598198,0.1,39.0,326.0,,,6476.0,513203.3412147315,843081.2772986344,0.01,648.0,,,,,,,,,,,,0,
29,24,necessity,-671099.0524347343,11970.0,1713.7006960431927,10984.209438705455,0.1,38.0,400.0,,,6476.0,428384.1681095127,1099483.220544247,0.01,648.0,,,,,,,,,,,,0,
30,24,necessity,-157600.99888135737,12218.0,1314.0618653666033,18038.9546951915,0.1,39.0,368.0,,,6476.0,685480.278417277,843081.2772986344,0.01,648.0,,,,,,,,,,,,0,
31,24,necessity,-619073.5944873699,12498.0,1718.6340167176986,12399.352986023334,0.1,38.0,468.0,,,6476.0,483574.76645491004,1102648.36094228,0.01,648.0,,,,,,,,,,,,0,
32,24,necessity,-38760.55747475149,12678.0,1314.0618653666033,21166.334732207444,0.1,39.0,435.0,,,6476.0,804320.7198238829,843081.2772986344,0.01,648.0,,,,,,,,,,,,0,
33,24,necessity,-608821.2872498658,12891.0,1839.8805228878105,14656.84388293519,0.1,38.0,108.0,,,6476.0,571616.9114344724,1180438.1986843382,0.01,648.0,,,,,,,,,,,,0,
34,24,necessity,-704593.3990095975,13431.0,1407.9220664018112,5229.134117681146,0.1,37.0,327.0,,,6476.0,198707.09647188353,903300.495481481,0.01,648.0,,,,,,,,,,,,0,
35,24,necessity,-105553.05838238471,13752.0,882.103408880604,12442.986911172764,0.1,38.0,750.0,,,6476.0,460390.5157133923,565943.574095777,0.01,648.0,,,,,,,,,,,,0,
36,24,necessity,-174550.94344192382,13650.0,1303.2249750002711,17409.935701590868,0.1,39.0,264.0,,,6476.0,661577.556660453,836128.5001023768,0.01,648.0,,,,,,,,,,,,0,
37,24,necessity,-755135.965208445,14034.0,1713.2395532119788,8821.830600001837,0.1,38.0,384.0,,,6476.0,344051.3934000716,1099187.3586085166,0.01,648.0,,,,,,,,,,,,0,
38,24,necessity,-178244.51166897698,14298.0,1303.2249750002711,17312.736537721048,0.1,39.0,462.0,,,6476.0,657883.9884333998,836128.5001023768,0.01,648.0,,,,,,,,,,,,0,
39,24,necessity,-557253.8399445419,14484.0,1807.0018740302653,15438.203550003213,0.1,38.0,283.0,,,6476.0,602089.9384501253,1159343.7783946672,0.01,648.0,,,,,,,,,,,,0,
40,24,necessity,-377777.3220375023,14849.0,1385.8803079105983,13457.408693435924,0.1,37.0,497.0,,,6476.0,511381.5303505651,889158.8523880674,0.01,648.0,,,,,,,,,,,,0,
12,29,necessity,-34322.656983968685,4382.0,1262.348124421753,18831.24003026554,0.1,39.0,683.0,,,6003.0,715587.1211500906,749909.7781340593,0.01,600.0,,,,,,,,,,,,0,
13,29,necessity,-248860.87541454087,4299.0,1870.2584816138096,22107.276127693778,0.1,40.0,76.0,,,6003.0,862183.7689800573,1111044.6443945982,0.01,600.0,,,,,,,,,,,,0,
14,29,necessity,-1107702.4443756957,4823.0,2103.9008462737133,3553.4911150662383,0.1,39.0,176.0,,,6003.0,142139.64460264953,1249842.0889783453,0.01,600.0,,,,,,,,,,,,0,
15,29,necessity,-518420.6737736328,5247.0,1495.9904890816565,9494.52689600445,0.1,40.0,210.0,,,6003.0,370286.54894417356,888707.2227178063,0.01,600.0,,,,,,,,,,,,0,
16,29,necessity,-916006.0094582973,5637.0,2070.7760836938724,7853.9500676786965,0.1,39.0,399.0,,,6003.0,314158.00270714785,1230164.0121654451,0.01,600.0,,,,,,,,,,,,0,
17,29,necessity,-62467.565323951305,5838.0,1495.9904890816565,21185.63224086808,0.1,40.0,325.0,,,6003.0,826239.657393855,888707.2227178063,0.01,600.0,,,,,,,,,,,,0,
18,29,necessity,-800440.036508027,6113.0,2165.838854580537,12154.922723788459,0.1,39.0,198.0,,,6003.0,486196.9089515384,1286636.9454595654,0.01,600.0,,,,,,,,,,,,0,
19,29,necessity,-459871.12951086,6515.0,1495.9904890816565,10995.797261716572,0.1,38.0,440.0,,,6003.0,428836.09320694633,888707.2227178063,0.01,600.0,,,,,,,,,,,,0,
20,29,necessity,-27178.977407835424,6675.0,1153.7815656267007,17321.99513673497,0.1,39.0,450.0,,,6003.0,658235.8151959289,685414.7926037643,0.01,600.0,,,,,,,,,,,,0,
21,29,necessity,-386940.70253885846,6825.0,1525.3397160270713,13312.864218769624,0.1,38.0,374.0,,,6003.0,519201.7045320153,906142.4070708738,0.01,600.0,,,,,,,,,,,,0,
22,29,necessity,-114937.7388096397,7051.0,1153.7815656267007,15012.554047213805,0.1,39.0,675.0,,,6003.0,570477.0537941246,685414.7926037643,0.01,600.0,,,,,,,,,,,,0,
23,29,necessity,-153757.89744692994,6976.0,1569.810095362654,19969.296328154436,0.1,40.0,345.0,,,6003.0,778802.556798023,932560.454244953,0.010000000000000004,600.0,,,,,,,,,,,,0,
24,29,necessity,-745318.7199203209,7231.0,2166.2870544705897,13539.612072502892,0.1,39.0,316.0,,,6003.0,541584.4829001157,1286903.2028204366,0.01,600.0,,,,,,,,,,,,0,
25,29,necessity,-248013.7450322467,7515.0,1569.810095362654,17552.479723402725,0.1,40.0,146.0,,,6003.0,684546.7092127063,932560.454244953,0.01,600.0,,,,,,,,,,,,0,
26,29,necessity,-1082527.5879350693,7969.0,2208.0617637808923,5729.806848073687,0.1,39.0,325.0,,,6003.0,229192.2739229475,1311719.8618580168,0.01,600.0,,,,,,,,,,,,0,
27,29,necessity,-214940.38101616304,8244.0,1569.810095362654,18400.5146981741,0.1,40.0,546.0,,,6003.0,717620.07322879,932560.454244953,0.01,600.0,,,,,,,,,,,,0,
28,29,necessity,-425794.6288938236,8298.0,2159.5667470198073,21427.907801700225,0.1,41.0,171.0,,,6003.0,857116.312068009,1282910.9409618326,0.01,600.0,,,,,,,,,,,,0,
29,29,necessity,-1165506.5783666284,8727.0,2583.5673574075304,9006.9735058631,0.1,40.0,407.0,,,6003.0,369285.91374038707,1534792.4921070156,0.01,600.0,,,,,,,,,,,,0,
30,29,necessity,-132930.09092527092,8920.0,1993.8107057503773,26287.79786162162,0.1,41.0,487.0,,,6003.0,1051511.9144648649,1184442.0053901358,0.01,600.0,,,,,,,,,,,,0,
31,29,necessity,-562303.6361081796,9033.0,2581.0372362094367,23682.5808219618,0.1,40.0,231.0,,,6003.0,970985.8137004338,1533289.4498086134,0.01,600.0,,,,,,,,,,,,0,
32,29,necessity,-588222.4038257559,9402.0,1993.8107057503773,14905.490039109496,0.1,39.0,243.0,,,6003.0,596219.6015643799,1184442.0053901358,0.01,600.0,,,,,,,,,,,,0,
33,29,necessity,-461145.33134058584,9759.0,1591.8295742907953,12422.974397367736,0.1,38.0,180.0,,,6003.0,484496.00149734167,945641.3328379275,0.01,600.0,,,,,,,,,,,,0,
34,29,necessity,-411966.3478243959,10179.0,1175.8010445548425,7540.245351903767,0.1,37.0,611.0,,,6003.0,286529.32337234315,698495.6711967391,0.01,600.0,,,,,,,,,,,,0,
35,29,necessity,271800.3181714527,10168.0,751.8004341671187,19416.606438459698,0.1,38.0,728.0,,,6003.0,718414.4382230088,446614.1200515561,0.01,600.0,,,,,,,,,,,,0,
36,29,necessity,-111085.6619434763,10040.0,1124.760477238011,14402.913580885852,0.1,37.0,613.0,,,6003.0,547310.7160736624,658396.3780171387,0.025,600.0,,,,,,,,,,,,0,
37,29,necessity,242864.0524953446,10027.0,762.9657871497986,18634.54520397029,0.1,38.0,904.0,,,6003.0,689478.1725469007,446614.1200515561,0.025000000000000005,600.0,,,,,,,,,,,,0,
38,29,necessity,-15641.51621790789,9723.0,1204.9944188189409,18150.554515353102,0.1,37.0,570.0,,,6003.0,689721.071583418,705362.5878013258,0.02500000000000001,600.0,,,,,,,,,,,,0,
39,29,necessity,240232.69867524022,9753.0,774.1311401324788,18563.427533156657,0.1,38.0,893.0,,,6003.0,686846.8187267963,446614.1200515561,0.04000000000000001,600.0,,,,,,,,,,,,0,
40,29,necessity,4221.515273098834,9460.0,1173.7575525217953,18192.08179311325,0.1,37.0,319.0,,,6003.0,691299.1081383035,687077.5928652047,0.02500000000000001,600.0,,,,,,,,,,,,0,
