data/saved_data/run_2025_05_03_1650_average_demand_print/firm_data.csv
Step,AgentID,FirmType,Profit,Inventory,ProductPrice,RevenuePerEmployee,ProductionLevel,NumEmployees,DemandReceived,InventoryDemandRatio,SellThroughRate,ProductionCapacity,Revenue,Costs,Markup,ProducedUnits,IncomeBracket,NumPeople,SpendRatio,PostTaxIncome,HouseholdExpense,HouseholdSavings,HealthLevel,Welfare,SkillLevel,SkillType,JobLevel,IsEmployed,Wage
12,32,necessity,-65337.96212446829,1121.0,1565.7794385450482,12471.881572019964,0.1,54.0,550.0,,,5006.0,661009.7233170581,726347.6854415264,0.08000000000000002,501.0,,,,,,,,,,,,0,
13,32,necessity,-207793.43981793267,1072.0,2336.3762098363577,15947.753540736601,0.1,55.0,306.0,,,5006.0,861178.6911997765,1068972.1310177092,0.09500000000000001,501.0,,,,,,,,,,,,0,
14,32,necessity,-510664.21246751014,1267.0,2568.6129675502884,12998.747640180463,0.1,54.0,233.0,,,5006.0,714931.1202099255,1225595.3326774356,0.05000000000000002,501.0,,,,,,,,,,,,0,
15,32,necessity,-284484.0656620357,1535.0,1780.0411061721045,11083.08928591143,0.1,53.0,451.0,,,5006.0,598486.8214392172,882970.8871012529,0.01,501.0,,,,,,,,,,,,0,
16,32,necessity,118048.62002665829,1585.0,1380.4339653993943,15147.142243087153,0.1,54.0,435.0,,,5006.0,802798.5388836191,684749.9188569608,0.01,501.0,,,,,,,,,,,,0,
17,32,necessity,-303615.15372986067,1651.0,1822.6446429994783,11120.162499050677,0.1,53.0,378.0,,,5006.0,600488.7749487365,904103.9286785972,0.01,501.0,,,,,,,,,,,,0,
18,32,necessity,4209.756196841947,1774.0,1380.4339653993943,12999.239151958544,0.1,54.0,706.0,,,5006.0,688959.6750538028,684749.9188569608,0.01,501.0,,,,,,,,,,,,0,
19,32,necessity,89039.97042370343,1569.0,1785.233276356324,18047.89591799949,0.1,55.0,480.0,,,5006.0,974586.3795719724,885546.409148269,0.010000000000000004,501.0,,,,,,,,,,,,0,
20,32,necessity,-363996.0878632162,1590.0,2497.865787483517,15580.217684564283,0.1,54.0,103.0,,,5006.0,856911.9726510355,1220908.0605142517,0.02500000000000001,501.0,,,,,,,,,,,,0,
21,32,necessity,-628266.2330374666,1988.0,1785.233276356324,4764.447705755598,0.1,53.0,160.0,,,5006.0,257280.17611080228,885546.409148269,0.01,501.0,,,,,,,,,,,,0,
22,32,necessity,-399112.594639949,2329.0,1380.4339653993943,5389.383475792677,0.1,54.0,124.0,,,5006.0,285637.32421701186,684749.9188569608,0.01,501.0,,,,,,,,,,,,0,
23,32,necessity,-716276.9225889896,2706.0,1789.0723350347853,3169.885402028239,0.1,53.0,128.0,,,5006.0,171173.8117095249,887450.7342985146,0.01,501.0,,,,,,,,,,,,0,
24,32,necessity,-455748.6599725083,3079.0,1380.4339653993943,4320.778469517972,0.1,54.0,476.0,,,5006.0,229001.25888445252,684749.9188569608,0.01,501.0,,,,,,,,,,,,0,
25,32,necessity,-257012.50517843862,3104.0,1842.7945341174477,12168.269769076142,0.1,55.0,342.0,,,5006.0,657086.5675301116,914099.0727085503,0.01,501.0,,,,,,,,,,,,0,
26,32,necessity,-614627.7375930531,3263.0,2509.6049908866817,11458.831466693948,0.1,54.0,250.0,,,5006.0,630235.7306681671,1244863.4682612203,0.01,501.0,,,,,,,,,,,,0,
27,32,necessity,-286697.82498687983,3514.0,1842.7945341174477,11618.541624475378,0.1,55.0,374.0,,,5006.0,627401.2477216704,914099.0727085503,0.01,501.0,,,,,,,,,,,,0,
28,32,necessity,-633528.5716784401,3641.0,2666.588946199921,12531.002831998645,0.1,56.0,181.0,,,5006.0,689205.1557599255,1322733.7274383656,0.01,501.0,,,,,,,,,,,,0,
29,32,necessity,-1051136.7442141452,3961.0,3092.0703269840797,8618.796415396173,0.1,55.0,193.0,,,5006.0,482652.5992621857,1533789.3434763309,0.01,501.0,,,,,,,,,,,,0,
30,32,necessity,-528385.1156385881,4269.0,2268.275914901606,10850.355874689589,0.1,56.0,239.0,,,5006.0,596769.5731079273,1125154.6887465154,0.01,501.0,,,,,,,,,,,,0,
31,32,necessity,-913901.2572964864,4531.0,2935.288203657209,9680.67756538364,0.1,55.0,243.0,,,5006.0,542117.9436614838,1456019.2009579702,0.01,501.0,,,,,,,,,,,,0,
32,32,necessity,-411879.65525781363,4789.0,2268.275914901606,12968.63697252185,0.1,56.0,99.0,,,5006.0,713275.0334887018,1125154.6887465154,0.01,501.0,,,,,,,,,,,,0,
33,32,necessity,-1236516.7689737652,5191.0,2945.4827194591453,4009.987778129625,0.1,55.0,107.0,,,5006.0,224559.315575259,1461076.0845490242,0.01,501.0,,,,,,,,,,,,0,
34,32,necessity,-809988.0377643869,5585.0,2268.275914901606,5730.30274512961,0.1,56.0,176.0,,,5006.0,315166.6509821286,1125154.6887465154,0.01,501.0,,,,,,,,,,,,0,
35,32,necessity,-1103740.5477077402,5910.0,3029.913526522582,7128.867161119333,0.1,57.0,272.0,,,5006.0,399216.56102268264,1502957.1087304228,0.01,501.0,,,,,,,,,,,,0,
36,32,necessity,-836896.5095588379,6139.0,3348.5894517207994,14458.534723055129,0.1,58.0,221.0,,,5006.0,824136.4792141423,1661032.9887729802,0.01,501.0,,,,,,,,,,,,0,
37,32,necessity,-1120168.043713355,6419.0,3750.1165108163104,12759.280497074082,0.1,57.0,251.0,,,5006.0,740038.2688302967,1860206.3125436516,0.01,501.0,,,,,,,,,,,,0,
38,32,necessity,-541124.6483448505,6669.0,2988.478899195335,16513.67095113849,0.1,58.0,362.0,,,5006.0,941279.2442148939,1482403.8925597444,0.01,501.0,,,,,,,,,,,,0,
39,32,necessity,-742658.8182646367,6808.0,3678.1098959939554,18652.23037083985,0.1,59.0,185.0,,,5006.0,1081829.3615087112,1824488.179773348,0.01,501.0,,,,,,,,,,,,0,
40,32,necessity,-1311447.0910424455,7124.0,4015.6015808457864,11533.056453540368,0.1,58.0,210.0,,,5006.0,680450.3307588818,1991897.4218013273,0.01,501.0,,,,,,,,,,,,0,
13,28,necessity,478135.03034378,4947.0,34.00093301486021,14704.87221121212,1.0,48.0,560391.0,,,6327.0,691128.9939269696,212993.9635831896,0.010000000000000002,6327.0,,,,,,,,,,,,0,
14,28,necessity,-64177.97659996583,0.0,73.9121538847819,7985.969141865291,1.0,47.0,264348.0,,,6327.0,383326.51880953397,447504.4954094998,0.045,6327.0,,,,,,,,,,,,0,
15,28,necessity,254648.2340458255,0.0,37.367362026232506,9949.833992106704,1.0,48.0,540764.0,,,6327.0,467642.1976290151,212993.9635831896,0.11,6327.0,,,,,,,,,,,,0,
16,28,necessity,-258380.56445992415,0.0,89.54487501032675,4925.485407082772,1.0,47.0,209791.0,,,6327.0,236423.29953997306,494803.8639998972,0.145,6327.0,,,,,,,,,,,,0,
17,28,necessity,353556.4606071477,0.0,40.7337910376048,12054.264344475261,1.0,48.0,449998.0,,,6327.0,566550.4241903373,212993.9635831896,0.21,6327.0,,,,,,,,,,,,0,
18,28,necessity,-202089.50699359327,0.0,90.47987869538899,5369.222831144283,1.0,47.0,233189.0,,,6327.0,257722.6958949256,459812.20288851886,0.245,6327.0,,,,,,,,,,,,0,
19,28,necessity,359472.22892253654,0.0,43.42693424670264,12180.131755440982,1.0,48.0,484546.0,,,6327.0,572466.1925057261,212993.9635831896,0.29000000000000004,6327.0,,,,,,,,,,,,0,
20,28,necessity,-162123.33416338795,0.0,90.11152820144747,5724.212770393492,1.0,47.0,226747.0,,,6327.0,274762.2129788876,436885.54714227555,0.30500000000000005,6327.0,,,,,,,,,,,,0,
21,28,necessity,357141.6753473685,0.0,45.78343455466325,12130.545509160811,1.0,48.0,433805.0,,,6327.0,570135.6389305581,212993.9635831896,0.36000000000000004,6327.0,,,,,,,,,,,,0,
22,28,necessity,-145892.69222733687,0.0,95.34642142901865,6034.82896723655,1.0,47.0,223974.0,,,6327.0,289671.7904273544,435564.48265469127,0.38500000000000006,6327.0,,,,,,,,,,,,0,
23,28,necessity,390262.8447982114,0.0,48.476577763761085,12835.251242157468,1.0,48.0,382286.0,,,6327.0,603256.808381401,212993.9635831896,0.44000000000000006,6327.0,,,,,,,,,,,,0,
24,28,necessity,-116899.96737371065,0.0,98.08606252702364,6389.818906485758,1.0,47.0,202700.0,,,6327.0,306711.3075113164,423611.274885027,0.4650000000000001,6327.0,,,,,,,,,,,,0,
25,28,necessity,407596.55402528896,0.0,50.8330780717217,13204.053566137842,1.0,48.0,348184.0,,,6327.0,620590.5176084785,212993.9635831896,0.5100000000000001,6327.0,,,,,,,,,,,,0,
26,28,necessity,-106803.03201887605,0.0,103.26323269941398,6700.435103328818,1.0,47.0,202060.0,,,6327.0,321620.88495978323,428423.9169786593,0.5250000000000001,6327.0,,,,,,,,,,,,0,
27,28,necessity,440352.5097060026,0.0,52.852935478545085,13900.988793387069,1.0,48.0,348430.0,,,6327.0,653346.4732891922,212993.9635831896,0.5700000000000002,6327.0,,,,,,,,,,,,0,
28,28,necessity,-100775.99456011463,0.0,109.70547574462165,6966.6775577657245,1.0,47.0,156000.0,,,6327.0,334400.5227727548,435176.5173328694,0.5950000000000002,6327.0,,,,,,,,,,,,0,
29,28,necessity,481112.58145303157,0.0,55.546078687642925,14768.22436247279,1.0,48.0,344528.0,,,6327.0,694106.5450362212,212993.9635831896,0.6500000000000002,6327.0,,,,,,,,,,,,0,
30,28,necessity,-69962.41210728302,0.0,111.56142040906248,7321.667497014933,1.0,47.0,169682.0,,,6327.0,351440.0398567168,421402.45196399983,0.6750000000000003,6327.0,,,,,,,,,,,,0,
31,28,necessity,492855.1433449487,0.0,58.239221896740766,15018.066104854006,1.0,48.0,343444.0,,,6327.0,705849.1069281383,212993.9635831896,0.7300000000000003,6327.0,,,,,,,,,,,,0,
32,28,necessity,-85266.96885317971,0.0,125.86141182904385,7676.657436264141,1.0,47.0,138469.0,,,6327.0,368479.5569406788,453746.5257938585,0.7550000000000003,6327.0,,,,,,,,,,,,0,
33,28,necessity,583331.1890591709,0.0,60.932365105838606,16943.088354092775,1.0,48.0,317354.0,,,6327.0,796325.1526423604,212993.9635831896,0.8100000000000004,6327.0,,,,,,,,,,,,0,
34,28,necessity,-52702.92960135435,0.0,127.0961556071764,8031.647375513351,1.0,47.0,144826.0,,,6327.0,385519.07402464084,438222.0036259952,0.8350000000000004,6327.0,,,,,,,,,,,,0,
35,28,necessity,591143.4129434156,0.0,63.28886541379921,17109.30588354479,1.0,48.0,281394.0,,,6327.0,804137.3765266051,212993.9635831896,0.8800000000000004,6327.0,,,,,,,,,,,,0,
36,28,necessity,-114156.63130400272,0.0,154.9367731208248,8342.263572356407,1.0,47.0,4282.0,,,6327.0,400428.6514731076,514585.2827771103,0.9050000000000005,6327.0,,,,,,,,,,,,0,
37,28,necessity,450445.2989201822,2045.0,64.97207991948537,14115.728989433443,1.0,48.0,277225.0,,,6327.0,663439.2625033718,212993.9635831896,0.9300000000000005,6327.0,,,,,,,,,,,,0,
38,28,necessity,78788.80552767491,0.0,142.99529561527012,11332.213605956907,1.0,47.0,128646.0,,,6327.0,543946.2530859315,465157.4475582566,0.9450000000000005,6327.0,,,,,,,,,,,,0,
39,28,necessity,691737.2717746245,0.0,66.99193732630874,19249.600752293918,1.0,48.0,257307.0,,,6327.0,904731.2353578141,212993.9635831896,0.9900000000000005,6327.0,,,,,,,,,,,,0,
40,28,necessity,3725.374710201926,0.0,133.80230987264187,8830.374738824072,1.0,47.0,144275.0,,,6327.0,423857.9874635554,420132.6127533535,1.0150000000000006,6327.0,,,,,,,,,,,,0,
16,26,necessity,123785.32532619376,1853.0,520.2378616239602,9012.196949689684,0.1,52.0,609.0,,,6521.0,459622.04443417385,335836.7191079801,0.01,652.0,,,,,,,,,,,,0,
17,26,necessity,-267545.18883626995,1896.0,905.2358069412247,6092.785725557533,0.1,51.0,444.0,,,6521.0,316824.8577289917,584370.0465652617,0.01,652.0,,,,,,,,,,,,0,
18,26,necessity,66087.97917392367,2104.0,520.2378616239602,7880.876436900074,0.1,52.0,1218.0,,,6521.0,401924.69828190375,335836.7191079801,0.01,652.0,,,,,,,,,,,,0,
19,26,necessity,68444.93253448047,1538.0,875.5472850877159,12185.571451115065,0.1,53.0,555.0,,,6521.0,633649.7154579834,565204.782923503,0.01,652.0,,,,,,,,,,,,0,
20,26,necessity,-313134.70539909415,1635.0,1237.8130090048946,9168.466853277025,0.1,52.0,301.0,,,6521.0,485928.7432236823,799063.4486227764,0.01,652.0,,,,,,,,,,,,0,
21,26,necessity,-197113.6690967803,1986.0,882.5035855411389,7165.032994432179,0.1,51.0,455.0,,,6521.0,372581.7157104733,569695.3848072536,0.01,652.0,,,,,,,,,,,,0,
22,26,necessity,65702.41231323814,2183.0,520.2378616239602,7873.3163023768275,0.1,52.0,665.0,,,6521.0,401539.1314212182,335836.7191079801,0.01,652.0,,,,,,,,,,,,0,
23,26,necessity,-214385.21970899386,2170.0,868.0166116530676,6653.04188422949,0.1,51.0,630.0,,,6521.0,345958.1779799335,560343.3976889274,0.01,652.0,,,,,,,,,,,,0,
24,26,necessity,211013.74623345252,2192.0,520.2378616239602,10722.558143949658,0.1,52.0,1053.0,,,6521.0,546850.4653414326,335836.7191079801,0.01,652.0,,,,,,,,,,,,0,
25,26,necessity,-26166.957062671543,1791.0,897.9401425794715,10534.816697885193,0.1,51.0,384.0,,,6521.0,547810.46829003,573977.4253527016,0.020000000000000004,652.0,,,,,,,,,,,,0,
26,26,necessity,8972.295642537007,2059.0,522.8132965824946,6760.961073539551,0.1,50.0,220.0,,,6521.0,344809.0147505171,335836.7191079801,0.015000000000000005,652.0,,,,,,,,,,,,0,
27,26,necessity,-66615.84204407017,2491.0,281.36674031253744,2300.378504962976,0.1,49.0,1333.0,,,6521.0,115018.92524814881,181634.76729221898,0.01,652.0,,,,,,,,,,,,0,
28,26,necessity,-2556487.0508248373,1810.0,4541.203067909296,7654.323772175764,0.1,50.0,204.0,,,6521.0,375061.8648366124,2931548.9156614495,0.01,652.0,,,,,,,,,,,,0,
29,26,necessity,778815.4609435224,2258.0,228.62862627368878,18528.10851706993,0.1,51.0,2018.0,,,6521.0,926405.4258534964,147589.96490997396,0.01,652.0,,,,,,,,,,,,0,
30,26,necessity,51003.27505130018,892.0,651.429781233879,9046.520937653018,0.1,50.0,839.0,,,6521.0,461372.56782030396,410369.2927690038,0.035,652.0,,,,,,,,,,,,0,
16,31,necessity,-162424.97074157384,0.0,124.31556519262196,5675.28086892485,1.0,40.0,4179.0,,,4100.0,232686.51562591887,395111.4863674927,0.29000000000000004,4100.0,,,,,,,,,,,,0,
17,31,necessity,338587.5172905028,0.0,56.54854547376377,12742.34543224375,1.0,41.0,0.0,,,4100.0,509693.81728975003,171106.29999924725,0.35500000000000004,4100.0,,,,,,,,,,,,0,
18,31,necessity,-429021.4766068085,4100.0,134.9848060214142,0.0,1.0,40.0,2135.0,,,4100.0,0.0,429021.4766068085,0.29000000000000004,4100.0,,,,,,,,,,,,0,
22,31,necessity,65852.62162864732,226.0,259.30530933102307,19447.731485743738,1.0,44.0,2112.0,,,4100.0,836252.4538869807,770399.8322583333,0.38,4100.0,,,,,,,,,,,,0,
23,31,necessity,-626928.0971543852,2214.0,398.211576864215,12446.654847889107,1.0,43.0,1087.0,,,4100.0,547652.8133071207,1174580.9104615059,0.39,4100.0,,,,,,,,,,,,0,
24,31,necessity,-337543.84820693167,5227.0,245.21262947607616,10066.418233753528,1.0,42.0,1293.0,,,4100.0,432855.98405140167,770399.8322583333,0.305,4100.0,,,,,,,,,,,,0,
25,31,necessity,-237511.82241200405,8034.0,165.0189116270627,7549.045950299203,1.0,41.0,4195.0,,,4100.0,317059.9299125665,554571.7523245706,0.21999999999999997,4100.0,,,,,,,,,,,,0,
34,31,necessity,-184535.42649706957,0.0,152.0549463334101,6245.068544784675,1.0,40.0,127829.0,,,4100.0,256047.81033617168,440583.23683324124,0.4149999999999999,4100.0,,,,,,,,,,,,0,
35,31,necessity,452318.97996773414,0.0,61.76520096027334,15585.631999174535,1.0,41.0,322409.0,,,4100.0,623425.2799669814,171106.29999924725,0.4799999999999999,4100.0,,,,,,,,,,,,0,
36,31,necessity,-141561.71144895008,0.0,145.88305816195466,6176.520096027334,1.0,40.0,125710.0,,,4100.0,253237.3239371207,394799.0353860708,0.5149999999999999,4100.0,,,,,,,,,,,,0,
37,31,necessity,427014.2384647668,0.0,65.93852534948098,14953.013461600352,1.0,41.0,256450.0,,,4100.0,598120.5384640141,171106.29999924725,0.5799999999999998,4100.0,,,,,,,,,,,,0,
38,31,necessity,-115669.7013723253,0.0,152.0532958941074,6593.852534948099,1.0,40.0,128206.0,,,4100.0,270347.95393287204,386017.65530519735,0.6149999999999999,4100.0,,,,,,,,,,,,0,
39,31,necessity,452312.21316659317,0.0,69.69451729976788,15585.46282914601,1.0,41.0,11598.0,,,4100.0,623418.5131658404,171106.29999924725,0.6699999999999999,4100.0,,,,,,,,,,,,0,
40,31,necessity,-138064.0302951531,0.0,174.17621064356172,6969.451729976788,1.0,40.0,5300.0,,,4100.0,285747.5209290483,423811.5512242014,0.6849999999999999,4100.0,,,,,,,,,,,,0,
