data/saved_data/run_2025_05_03_1650_average_demand_print/firm_data.csv
Step,AgentID,FirmType,Profit,Inventory,ProductPrice,RevenuePerEmployee,ProductionLevel,NumEmployees,DemandReceived,InventoryDemandRatio,SellThroughRate,ProductionCapacity,Revenue,Costs,Markup,ProducedUnits,IncomeBracket,NumPeople,SpendRatio,PostTaxIncome,HouseholdExpense,HouseholdSavings,HealthLevel,Welfare,SkillLevel,SkillType,JobLevel,IsEmployed,Wage
27,23,necessity,643069.6274562418,16870.0,1079.825590108856,59191.948310287364,0.1,20.0,478.0,,,5820.0,1124647.01789546,481577.3904392181,0.30500000000000005,582.0,,,,,,,,,,,,0,
28,23,necessity,-228414.75462017278,16974.0,1637.5453149973855,25807.831603601655,0.1,19.0,438.0,,,5820.0,516156.6320720331,744571.3866922059,0.28,582.0,,,,,,,,,,,,0,
29,23,necessity,235667.45752963674,17118.0,1013.6293853512248,37749.72884046604,0.1,20.0,536.0,,,5820.0,717244.8479688548,481577.3904392181,0.22500000000000003,582.0,,,,,,,,,,,,0,
30,23,necessity,-143550.9354364504,17164.0,1422.099352559231,27165.26752741282,0.1,19.0,201.0,,,5820.0,543305.3505482564,686856.2859847068,0.20500000000000004,582.0,,,,,,,,,,,,0,
31,23,necessity,-195735.42057481268,17545.0,951.5704433909458,15044.314203389758,0.1,18.0,605.0,,,5820.0,285841.9698644054,481577.3904392181,0.15000000000000005,582.0,,,,,,,,,,,,0,
32,23,necessity,238447.58853456122,17522.0,646.1109449970799,31983.339902862343,0.1,19.0,535.0,,,5820.0,575700.1182515222,337252.52971696097,0.11500000000000005,582.0,,,,,,,,,,,,0,
33,23,necessity,-274974.38468128553,17569.0,1183.7019768024757,18193.123977549352,0.1,18.0,266.0,,,5820.0,345669.3555734377,620643.7402547232,0.11000000000000004,582.0,,,,,,,,,,,,0,
34,23,necessity,-22387.803887502465,17885.0,631.6241525083562,17492.48476830325,0.1,17.0,729.0,,,5820.0,314864.7258294585,337252.52971696097,0.09000000000000004,582.0,,,,,,,,,,,,0,
35,23,necessity,270731.20528147806,17738.0,347.17316782345847,27085.529834034805,0.1,18.0,1245.0,,,5820.0,460454.0071785917,189722.80189711362,0.06500000000000004,582.0,,,,,,,,,,,,0,
36,23,necessity,37350.328690415015,17075.0,732.7675012663343,24012.81077445588,0.1,17.0,1336.0,,,5820.0,432230.5939402058,394880.2652497908,0.08000000000000004,582.0,,,,,,,,,,,,0,
37,23,necessity,789254.5797947091,16321.0,356.9526936776404,57586.90480540133,0.1,18.0,2501.0,,,5820.0,978977.3816918227,189722.80189711362,0.09500000000000004,582.0,,,,,,,,,,,,0,
38,23,necessity,496348.8789807998,14402.0,745.7849465848058,49596.59371598771,0.1,17.0,616.0,,,5820.0,892738.6868877787,396389.8079069789,0.09500000000000004,582.0,,,,,,,,,,,,0,
39,23,necessity,269680.72519912675,14368.0,361.8424566047314,27023.73688801414,0.1,16.0,1513.0,,,5820.0,459403.5270962404,189722.80189711362,0.11000000000000004,582.0,,,,,,,,,,,,0,
40,23,necessity,-322691.40252196,13437.0,1637.1548908375103,34216.727302684914,0.1,17.0,88.0,,,5820.0,547467.6368429586,870159.0393649186,0.09500000000000004,582.0,,,,,,,,,,,,0,
